Archive member included because of file (symbol)

c:/winavr-20100110/bin/../lib/gcc/avr/4.3.3/../../../../avr/lib/avr6\libprintf_flt.a(vfprintf_flt.o)
                              (vfprintf)
c:/winavr-20100110/bin/../lib/gcc/avr/4.3.3/../../../../avr/lib/avr6\libscanf_flt.a(vfscanf_flt.o)
                              (vfscanf)
c:/winavr-20100110/bin/../lib/gcc/avr/4.3.3/../../../../avr/lib/avr6\libm.a(floatsisf.o)
                              c:/winavr-20100110/bin/../lib/gcc/avr/4.3.3/../../../../avr/lib/avr6\libscanf_flt.a(vfscanf_flt.o) (__floatunsisf)
c:/winavr-20100110/bin/../lib/gcc/avr/4.3.3/../../../../avr/lib/avr6\libm.a(mulsf3.o)
                              c:/winavr-20100110/bin/../lib/gcc/avr/4.3.3/../../../../avr/lib/avr6\libscanf_flt.a(vfscanf_flt.o) (__mulsf3)
c:/winavr-20100110/bin/../lib/gcc/avr/4.3.3/../../../../avr/lib/avr6\libm.a(mulsf3x.o)
                              c:/winavr-20100110/bin/../lib/gcc/avr/4.3.3/../../../../avr/lib/avr6\libm.a(mulsf3.o) (__mulsf3x)
c:/winavr-20100110/bin/../lib/gcc/avr/4.3.3/../../../../avr/lib/avr6\libm.a(fp_inf.o)
                              c:/winavr-20100110/bin/../lib/gcc/avr/4.3.3/../../../../avr/lib/avr6\libm.a(mulsf3x.o) (__fp_inf)
c:/winavr-20100110/bin/../lib/gcc/avr/4.3.3/../../../../avr/lib/avr6\libm.a(fp_nan.o)
                              c:/winavr-20100110/bin/../lib/gcc/avr/4.3.3/../../../../avr/lib/avr6\libm.a(mulsf3x.o) (__fp_nan)
c:/winavr-20100110/bin/../lib/gcc/avr/4.3.3/../../../../avr/lib/avr6\libm.a(fp_pscA.o)
                              c:/winavr-20100110/bin/../lib/gcc/avr/4.3.3/../../../../avr/lib/avr6\libm.a(mulsf3x.o) (__fp_pscA)
c:/winavr-20100110/bin/../lib/gcc/avr/4.3.3/../../../../avr/lib/avr6\libm.a(fp_pscB.o)
                              c:/winavr-20100110/bin/../lib/gcc/avr/4.3.3/../../../../avr/lib/avr6\libm.a(mulsf3x.o) (__fp_pscB)
c:/winavr-20100110/bin/../lib/gcc/avr/4.3.3/../../../../avr/lib/avr6\libm.a(fp_round.o)
                              c:/winavr-20100110/bin/../lib/gcc/avr/4.3.3/../../../../avr/lib/avr6\libm.a(mulsf3.o) (__fp_round)
c:/winavr-20100110/bin/../lib/gcc/avr/4.3.3/../../../../avr/lib/avr6\libm.a(fp_split3.o)
                              c:/winavr-20100110/bin/../lib/gcc/avr/4.3.3/../../../../avr/lib/avr6\libm.a(mulsf3x.o) (__fp_split3)
c:/winavr-20100110/bin/../lib/gcc/avr/4.3.3/../../../../avr/lib/avr6\libm.a(fp_zero.o)
                              c:/winavr-20100110/bin/../lib/gcc/avr/4.3.3/../../../../avr/lib/avr6\libm.a(mulsf3x.o) (__fp_szero)
c:/winavr-20100110/bin/../lib/gcc/avr/4.3.3/../../../../avr/lib/avr6\libc.a(exit.o)
                              c:/winavr-20100110/bin/../lib/gcc/avr/4.3.3/../../../../avr/lib/avr6/crtm2560.o (exit)
c:/winavr-20100110/bin/../lib/gcc/avr/4.3.3/../../../../avr/lib/avr6\libc.a(ftoa_engine.o)
                              c:/winavr-20100110/bin/../lib/gcc/avr/4.3.3/../../../../avr/lib/avr6\libprintf_flt.a(vfprintf_flt.o) (__ftoa_engine)
c:/winavr-20100110/bin/../lib/gcc/avr/4.3.3/../../../../avr/lib/avr6\libc.a(isspace.o)
                              c:/winavr-20100110/bin/../lib/gcc/avr/4.3.3/../../../../avr/lib/avr6\libscanf_flt.a(vfscanf_flt.o) (isspace)
c:/winavr-20100110/bin/../lib/gcc/avr/4.3.3/../../../../avr/lib/avr6\libc.a(tolower.o)
                              c:/winavr-20100110/bin/../lib/gcc/avr/4.3.3/../../../../avr/lib/avr6\libscanf_flt.a(vfscanf_flt.o) (tolower)
c:/winavr-20100110/bin/../lib/gcc/avr/4.3.3/../../../../avr/lib/avr6\libc.a(strchr_P.o)
                              c:/winavr-20100110/bin/../lib/gcc/avr/4.3.3/../../../../avr/lib/avr6\libscanf_flt.a(vfscanf_flt.o) (strchr_P)
c:/winavr-20100110/bin/../lib/gcc/avr/4.3.3/../../../../avr/lib/avr6\libc.a(strcmp_P.o)
                              vmd2_3.o (strcmp_P)
c:/winavr-20100110/bin/../lib/gcc/avr/4.3.3/../../../../avr/lib/avr6\libc.a(strcpy_P.o)
                              vmd2_3.o (strcpy_P)
c:/winavr-20100110/bin/../lib/gcc/avr/4.3.3/../../../../avr/lib/avr6\libc.a(strlen_P.o)
                              vmd2_3.o (strlen_P)
c:/winavr-20100110/bin/../lib/gcc/avr/4.3.3/../../../../avr/lib/avr6\libc.a(strncmp_P.o)
                              vmd2_3.o (strncmp_P)
c:/winavr-20100110/bin/../lib/gcc/avr/4.3.3/../../../../avr/lib/avr6\libc.a(strnlen_P.o)
                              c:/winavr-20100110/bin/../lib/gcc/avr/4.3.3/../../../../avr/lib/avr6\libprintf_flt.a(vfprintf_flt.o) (strnlen_P)
c:/winavr-20100110/bin/../lib/gcc/avr/4.3.3/../../../../avr/lib/avr6\libc.a(strstr_P.o)
                              vmd2_3.o (strstr_P)
c:/winavr-20100110/bin/../lib/gcc/avr/4.3.3/../../../../avr/lib/avr6\libc.a(memcpy.o)
                              vmd2_3.o (memcpy)
c:/winavr-20100110/bin/../lib/gcc/avr/4.3.3/../../../../avr/lib/avr6\libc.a(strchr.o)
                              vmd2_3.o (strchr)
c:/winavr-20100110/bin/../lib/gcc/avr/4.3.3/../../../../avr/lib/avr6\libc.a(strcmp.o)
                              vmd2_3.o (strcmp)
[...]
Memory Configuration

Name             Origin             Length             Attributes
text             0x00000000         0x00100000         xr
data             0x00800200         0x0000fe00         rw !x
eeprom           0x00810000         0x00010000         rw !x
fuse             0x00820000         0x00000400         rw !x
lock             0x00830000         0x00000400         rw !x
signature        0x00840000         0x00000400         rw !x
*default*        0x00000000         0xffffffff

Linker script and memory map

Address of section .data set to 0x800200
LOAD c:/winavr-20100110/bin/../lib/gcc/avr/4.3.3/../../../../avr/lib/avr6/crtm2560.o
LOAD c:/winavr-20100110/bin/../lib/gcc/avr/4.3.3/../../../../avr/lib/avr6\libprintf_flt.a
LOAD c:/winavr-20100110/bin/../lib/gcc/avr/4.3.3/../../../../avr/lib/avr6\libm.a
LOAD c:/winavr-20100110/bin/../lib/gcc/avr/4.3.3/../../../../avr/lib/avr6\libscanf_flt.a
LOAD c:/winavr-20100110/bin/../lib/gcc/avr/4.3.3/../../../../avr/lib/avr6\libm.a
LOAD vmd2_3.o
LOAD c:/winavr-20100110/bin/../lib/gcc/avr/4.3.3/../../../../avr/lib/avr6\libc.a
LOAD c:/winavr-20100110/bin/../lib/gcc/avr/4.3.3/../../../../avr/lib/avr6\libm.a
LOAD c:/winavr-20100110/bin/../lib/gcc/avr/4.3.3/../../../../avr/lib/avr6\libobjc.a
LOAD c:/winavr-20100110/bin/../lib/gcc/avr/4.3.3/../../../../avr/lib/avr6\libprintf_flt.a
LOAD c:/winavr-20100110/bin/../lib/gcc/avr/4.3.3/../../../../avr/lib/avr6\libscanf_flt.a
LOAD c:/winavr-20100110/bin/../lib/gcc/avr/4.3.3/avr6\libgcc.a
LOAD c:/winavr-20100110/bin/../lib/gcc/avr/4.3.3/../../../../avr/lib/avr6\libc.a
LOAD c:/winavr-20100110/bin/../lib/gcc/avr/4.3.3/avr6\libgcc.a

.hash
 *(.hash)

.dynsym
 *(.dynsym)

.dynstr
 *(.dynstr)

.gnu.version
 *(.gnu.version)

.gnu.version_d
 *(.gnu.version_d)

.gnu.version_r
 *(.gnu.version_r)

.rel.init
 *(.rel.init)

.rela.init
 *(.rela.init)

.rel.text
 *(.rel.text)
 *(.rel.text.*)
 *(.rel.gnu.linkonce.t*)

.rela.text
 *(.rela.text)
 *(.rela.text.*)
 *(.rela.gnu.linkonce.t*)

.rel.fini
 *(.rel.fini)

.rela.fini
 *(.rela.fini)

.rel.rodata
 *(.rel.rodata)
 *(.rel.rodata.*)
 *(.rel.gnu.linkonce.r*)

.rela.rodata
 *(.rela.rodata)
 *(.rela.rodata.*)
 *(.rela.gnu.linkonce.r*)

.rel.data
 *(.rel.data)
 *(.rel.data.*)
 *(.rel.gnu.linkonce.d*)

.rela.data
 *(.rela.data)
 *(.rela.data.*)
 *(.rela.gnu.linkonce.d*)

.rel.ctors
 *(.rel.ctors)

.rela.ctors
 *(.rela.ctors)

.rel.dtors
 *(.rel.dtors)

.rela.dtors
 *(.rela.dtors)

.rel.got
 *(.rel.got)

.rela.got
 *(.rela.got)

.rel.bss
 *(.rel.bss)

.rela.bss
 *(.rela.bss)

.rel.plt
 *(.rel.plt)

.rela.plt
 *(.rela.plt)

.text           0x00000000    0x109c8
 *(.vectors)
 .vectors       0x00000000       0xe4 c:/winavr-20100110/bin/../lib/gcc/avr/4.3.3/../../../../avr/lib/avr6/crtm2560.o
                0x00000000                __vectors
                0x00000000                __vector_default
 *(.vectors)
 *(.progmem.gcc*)
 .progmem.gcc_sw_table
                0x000000e4      0x1ea vmd2_3.o
 *(.progmem*)
 .progmem.data  0x000002ce        0x8 c:/winavr-20100110/bin/../lib/gcc/avr/4.3.3/../../../../avr/lib/avr6\libprintf_flt.a(vfprintf_flt.o)
 .progmem.data  0x000002d6       0x4d c:/winavr-20100110/bin/../lib/gcc/avr/4.3.3/../../../../avr/lib/avr6\libscanf_flt.a(vfscanf_flt.o)
 .progmem.data  0x00000323     0x2fdf vmd2_3.o
                0x000008f6                TSM100_Str
                0x00000601                ATO
                0x00000f61                MenuGSM_SMS
                0x00002960                Channel0_debounceTimeout_OutField
                0x00000920                RTD_Name_List
                0x00000baa                YN_Tbl
                0x00000c63                MenuGSM_Modem_State
                0x00001b09                F_DI11
                0x0000059b                AT_CIPSERVER
                0x00000ba7                Y_Str
                0x00000c39                GSM_ControlList
                0x000021f7                F_AO1
                0x00000451                RESP_CREC_0
                0x00001a9d                F_DI2
                0x00001504                Menu_BackUp_IField
                0x00002575                F_ThermisA5
                0x00000443                RESP_CSQ
                0x000003a1                URC_CALL_READY
                0x00000449                RESP_SHUT_OK
                0x00001b89                F_DII3
                0x00001c79                F_DII18
                0x00002a7b                Menu0List
                0x00001693                MsgErr12
                0x00002715                ListTherm4
                0x00001c89                ListDI
                0x00000f71                MenuGSM_VegaSN
                0x00002447                ADC_Tbl
                0x00002895                List_Therm
                0x00002980                Channel0_calling_retry_delay_OutField
                0x00002457                F_Therm2
                0x00000e31                MenuGSM_PortUDP4
                0x000009e4                MB0_CPT_15
                0x00001c19                F_DII12
                0x0000132b                Mem_OK_Tbl
                0x000005ab                AT_SERVERCLOSE
                0x00001c59                F_DII16
                0x0000087a                MsgErr21
                0x00002815                ListTherm6
                0x000021e3                MenuAI
                0x000008ec                ThermTbl
                0x0000094a                NoPariStr
                0x00002177                ListAI
                0x00000703                DI_NO_Str
                0x00002525                F_ThermisD6
                0x00002495                F_Thermis3
                0x0000132f                F_Ok_Flash
                0x00000481                AT_E0
                0x00000934                TC_B_Str
                0x000022a3                MenuAO
                0x000009a8                F_MB0_Pari
                0x00000f81                ListGSM
                0x00000e81                MenuGSM_IPTCP2
                0x0000216b                F_AI78
                0x00000ce1                MenuGSM_APN_USER_NAME
                0x0000052d                AT_CGATT
                0x00001ae5                F_DI8
                0x000004c7                AT_CUSD101
                0x0000215f                F_AI56
                0x0000147f                Menu_ConfirmationRest_List
                0x000004a6                AT_CCID
                0x00001b39                F_DI15
                0x0000095e                MBPariTbl
                0x00000c9d                MenuGSM_ClientIP
                0x000006bd                ThermFami
                0x0000046d                AT_AT
                0x00002426                ADC_I1_Str
                0x000003f4                RESP_CONNECT
                0x00000588                AT_CIPSTART_TCP_CLIENT
                0x000003c0                URC_CONNECT
                0x000009b8                F_MB0_Stopbits
                0x00001a91                F_DI1
                0x000022e1                List_ADC_Chan
                0x00002585                F_ThermisA6
                0x000004b9                ATD101
                0x0000237c                F_ADC_Zero
                0x000008dc                Therm_Off_Str
                0x0000093c                TC_L_Str
                0x00001f73                F_DO16
                0x00001aa9                F_DI3
                0x00000940                TC_Name_List
                0x000014ff                NoBackUp_Str
                0x00002451                F_Therm1
                0x00000c85                MenuGSM_GSM_MyIP
                0x00001ec3                F_DO5
                0x000004d3                AT_CMGF
                0x00001819                min10_Str
                0x00001afd                F_DI10
                0x0000091b                Gr23_Str
                0x000024a5                F_Thermis4
                0x00001f23                F_DO11
                0x0000180b                min1_Str
                0x00000866                MenuADC
                0x000017dd                MenuScanCycle
                0x00002595                ListTherm1
                0x000005ef                AT_CGATT_0
                0x00002701                MenuTherm3
                0x00000984                BR_Str28800
                0x00000741                F_ADC_4
                0x00000f01                MenuGSM_IPTCP4
                0x00000732                DO_Cl_Str
                0x000013ff                Menu_ConfirmationSave_List
                0x00000378                GSM_SIMCOM_SIM800C
                0x00000747                F_ADC_5
                0x00000c75                MenuGSM_GSM_Cont
                0x000024f5                F_ThermisD3
                0x00002237                ListAO
                0x0000038b                URC_CFUN
                0x000017f1                F_WT
                0x00001f13                F_DO10
                0x00001b2d                F_DI14
                0x00000990                BR_Str57600
                0x00000e11                MenuGSM_PortUDP2
                0x0000238e                F_ADC_Full
                0x00000c3f                GSM_Not_Recognize_Str
                0x00000dc1                MenuGSM_IPUDP4
                0x00001c39                F_DII14
                0x00001bd9                F_DII8
                0x0000243e                ADC_Re_Str
                0x00000724                DI_Inv_Op_Str
                0x00001f43                F_DO13
                0x00002463                F_Therm4
                0x00000323                DaysMonth
                0x000003c8                URC_RECEIVE
                0x00001be9                F_DII9
                0x00001b79                F_DII2
                0x00001b51                F_DI17
                0x00001ab5                F_DI4
                0x00000c24                GSM_CNTL_AUTO_Str
                0x000008fd                TSM50_Str
                0x00000cbb                MenuGSM_FIFOMax
                0x00000c2b                GSM_CNTL_MANUAL_Str
                0x000014eb                Menu_ConfirmationRestore
                0x00000716                DI_Cl_Str
                0x000017fd                sec10_Str
                0x00002207                F_AO2
                0x000004c2                ATD_PLUS
                0x00000558                AT_CIFSR
                0x00000c32                GSM_CNTL_CONFIG_Str
                0x00002555                F_ThermisA3
                0x00000521                AT_CIPMUX_1
                0x00000c49                GSM_SIMCOM_SIM900R_Str
                0x000009f0                MB0_CPT_26
                0x00002990                Channel0
                0x00002695                ListTherm3
                0x00000538                AT_CIPCSGP
                0x0000097e                BR_Str19200
                0x00000708                DI_OK_Str
                0x00002b02                Menu0
                0x00000c53                GSM_SIMCOM_SIM800_Str
                0x00000414                RESP_SERVER_CLOSE
                0x00000711                DI_Op_Str
                0x00000903                TSP100_Str
                0x00000f51                MenuGSM_TCPTimeout
                0x00001e93                F_DO2
                0x00000575                AT_CIPSTART
                0x0000182a                F_Backlight
                0x0000245d                F_Therm3
                0x00000e21                MenuGSM_PortUDP3
                0x000003fc                RESP_CONNECT_OK
                0x000004ae                AT_IFC
                0x00001c09                F_DII11
                0x00001ea3                F_DO3
                0x00001acd                F_DI6
                0x000004f0                AT_CMGS
                0x000003e6                URC_NO_CARRIER
                0x00002601                MenuTherm1
                0x0000139d                Msg_NoBackUp
                0x00000938                TC_J_Str
                0x00000a74                M_MB0_CPT
                0x00001b45                F_DI16
                0x0000295a                Channel0_Alarm_State_InField
                0x0000096e                BR_Str4800
                0x00000490                AT_DDET101
                0x00002368                Menu_ADC_Ch
                0x0000040a                RESP_SERVER_OK
                0x00000508                AT_CIPMODE_1
                0x00001ee3                F_DO7
                0x00002475                F_Thermis1
                0x00002801                MenuTherm5
                0x00001850                ListSyst
                0x00000470                AT_IPR9600
                0x00000916                Gr21_Str
                0x0000036a                GSM_SIMCOM_SIM800
                0x00000b0f                MenuModbus0
                0x0000071f                DI_Inv_Cl_Str
                0x00000973                BR_Str9600
                0x00000969                BR_Str2400
                0x00001f63                F_DO15
                0x000022c3                F_ADC34
                0x00000561                AT_CIPTKA
                0x0000246f                F_Therm6
                0x00002432                ADC_C1_Str
                0x00002954                Channel0_DI_State_InField
                0x000009c8                F_MB0_Baud
                0x00001335                F_Ok_EEPROM
                0x00000437                RESP_CLOSE_OK_FAST
                0x00000421                RESP_Invitation
                0x00001c69                F_DII17
                0x0000042e                RESP_CLOSE_OK
                0x00000964                BR_Str1200
                0x00000ba3                N_Str
                0x0000049e                AT_CGMM
                0x00000ec1                MenuGSM_IPTCP3
                0x000006f7                Fail_Str
                0x00000bae                F_SummerTime
                0x00000cd1                MenuGSM_APN2
                0x00001af1                F_DI9
                0x00002615                ListTherm2
                0x00001ad9                F_DI7
                0x000024d5                F_ThermisD1
                0x00000d01                MenuGSM_IPUDP1
                0x00002a46                ChannelSettingsList
                0x00001f03                F_DO9
                0x00001317                MenuGSM
                0x00000737                DO_Tbl
                0x000009fc                MB0_CPT_37
                0x0000045a                ESC_SEQ
                0x000022cf                F_ADC56
                0x000004fb                AT_CIPMODE_0
                0x00001804                sec30_Str
                0x00001b15                F_DI12
                0x000022db                F_ADC_Ref
                0x00000d81                MenuGSM_IPUDP3
                0x00000c6f                MenuGSM_State
                0x00001a1b                MenuSyst
                0x00001f53                F_DO14
                0x0000133b                Msg_EEWarning
                0x00002545                F_ThermisA2
                0x000008e4                ADC_Off_Str
                0x00001582                Menu_BackUp
                0x00001502                BackUp_Tbl
                0x00001b99                F_DII4
                0x0000294b                MB_Master_List
                0x00001ba9                F_DII5
                0x000008f0                ThermOff_Str
                0x000006ae                Digits_P
                0x00002a61                MenuModem
                0x00000978                BR_Str14400
                0x00001b21                F_DI13
                0x00000423                RESP_SEND_OK
                0x000022b7                F_ADC12
                0x00000996                BaudTbl
                0x00000e01                MenuGSM_PortUDP1
                0x00001e83                F_DO1
                0x00001bc9                F_DII7
                0x000024c5                F_Thermis6
                0x0000175f                F_ScanCycle
                0x000007df                List_ADC
                0x00002795                ListTherm5
                0x000003ac                URC_SMS_READY
                0x00002217                F_AO3
                0x000005fa                AT_CSQ
                0x00002565                F_ThermisA4
                0x00002469                F_Therm5
                0x0000045e                IDENTIFICATION
                0x00001820                BCKLT_Tbl
                0x00000955                OddPariStr
                0x00001bf9                F_DII10
                0x00000910                Pt100_Str
                0x00001631                MsgErr11
                0x00002a32                Channel0_Page
                0x00000cf1                MenuGSM_APN_PASSWORD
                0x000007d3                F_ADC_2
                0x0000184a                F_Menu_EMICounter
                0x00002515                F_ThermisD5
                0x00001812                min3_Str
                0x0000094e                EvenPariStr
                0x00001e6f                MenuDI
                0x00000e41                MenuGSM_IPTCP1
                0x000005c6                AT_CIPCLOSE_1
                0x0000090a                TSP50_Str
                0x000005e4                AT_CIPSHUT
                0x000024e5                F_ThermisD2
                0x00002485                F_Thermis2
                0x00001ef3                F_DO8
                0x0000047c                AT_W
                0x00001f83                ListDO
                0x000006e3                TermocLim
                0x00000547                AT_CSTT
                0x000005ba                AT_CIPSEND
                0x00000729                DI_Inv_Tbl
                0x00002937                MenuTherm
                0x00000c5d                GSM_ModemList
                0x00002420                ADC_Rt_Str
                0x00002147                F_AI12
                0x00000387                URC_RDY
                0x0000070d                DI_Sta_Tbl
                0x0000146b                Menu_ConfirmationSave
                0x00000a88                L_MB0
                0x00000bbe                F_WDay
                0x0000240c                Menu_ADC_Cali
                0x00001771                ListScanCycle
                0x00000cb5                MenuGSM_ActiveCon
                0x0000035b                GSM_SIMCOM_SIM900R
                0x000003d2                URC_CLOSED
                0x000003db                URC_PDPDEACT
                0x00002681                MenuTherm2
                0x00001596                ListMem
                0x000003b6                URC_REMOTE_IP
                0x00001c49                F_DII15
                0x00002970                Channel0_calling_delay_OutField
                0x00002133                MenuDO
                0x00002443                ADC_Of_Str
                0x00002505                F_ThermisD4
                0x00001765                F_ScanCyclePerSec
                0x00002881                MenuTherm6
                0x00001f33                F_DO12
                0x000024b5                F_Thermis5
                0x00000bc4                F_DateTime
                0x00000f41                MenuGSM_TCPPort
                0x00002a75                Field_TransmitterState
                0x000009d8                MB0_CPT_04
                0x00001757                MsgErrMemo
                0x00000515                AT_CIPMUX_0
                0x0000176b                F_MaxScanCycle
                0x00002781                MenuTherm4
                0x0000294e                Channel0_Name_InField
                0x0000098a                BR_Str38400
                0x0000072d                DO_Op_Str
                0x00000930                TC_K_Str
                0x00002535                F_ThermisA1
                0x0000074d                List_ADC_Err
                0x00000b8f                MenuModbus
                0x0000183a                F_IonT
                0x000006fd                Norm_Str
                0x000007cd                F_ADC_1
                0x000007b9                Menu_ADC_Err
                0x000023a0                List_ADC_Cali
                0x00000394                URC_CPIN_READY
                0x000004dd                AT_CSMP
                0x00001516                Menu_BackUp_List
                0x0000054f                AT_CIICR
                0x00000330                Modbus_Map
                0x00001c29                F_DII13
                0x000003f1                RESP_OK
                0x00000cc1                MenuGSM_APN1
                0x00000486                AT_CLCC1
                0x00001ac1                F_DI5
                0x0000161d                MenuMem
                0x0000073b                F_ADC_3
                0x000016f5                MsgErr13
                0x00001b5d                F_DI18
                0x00002227                F_AO4
                0x00002153                F_AI34
                0x00001eb3                F_DO4
                0x00000340                BR_Tbl
                0x0000071b                DI_Tbl
                0x00000a08                List_MB0_CPT
                0x00000b23                List_Modbus
                0x000005d6                AT_CIPCLOSE
                0x000006c3                TermisLim
                0x00000605                Symbols_P
                0x00000d41                MenuGSM_IPUDP2
                0x000006a3                OnlyDigits_P
                0x00001a2f                MsgErr41
                0x00001ed3                F_DO6
                0x00001bb9                F_DII6
                0x00001b69                F_DII1
 .progmem.data  0x00003302       0xfa c:/winavr-20100110/bin/../lib/gcc/avr/4.3.3/../../../../avr/lib/avr6\libc.a(ftoa_engine.o)
                0x000033fc                . = ALIGN (0x2)
                0x000033fc                __trampolines_start = .
 *(.trampolines)
 .trampolines   0x000033fc        0x0 linker stubs
 *(.trampolines*)
                0x000033fc                __trampolines_end = .
 *(.jumptables)
 *(.jumptables*)
 *(.lowtext)
 *(.lowtext*)
                0x000033fc                __ctors_start = .
 *(.ctors)
                0x000033fc                __ctors_end = .
                0x000033fc                __dtors_start = .
 *(.dtors)
                0x000033fc                __dtors_end = .
 SORT(*)(.ctors)
 SORT(*)(.dtors)
 *(.init0)
 .init0         0x000033fc        0x0 c:/winavr-20100110/bin/../lib/gcc/avr/4.3.3/../../../../avr/lib/avr6/crtm2560.o
                0x000033fc                __init
 *(.init0)
 *(.init1)
 *(.init1)
 *(.init2)
 .init2         0x000033fc       0x10 c:/winavr-20100110/bin/../lib/gcc/avr/4.3.3/../../../../avr/lib/avr6/crtm2560.o
 *(.init2)
 *(.init3)
 *(.init3)
 *(.init4)
 .init4         0x0000340c       0x1a c:/winavr-20100110/bin/../lib/gcc/avr/4.3.3/../../../../avr/lib/avr6/crtm2560.o
                0x0000340c                __do_copy_data
 .init4         0x00003426       0x10 c:/winavr-20100110/bin/../lib/gcc/avr/4.3.3/avr6\libgcc.a(_clear_bss.o)
                0x00003426                __do_clear_bss
 *(.init4)
 *(.init5)
 *(.init5)
 *(.init6)
 *(.init6)
 *(.init7)
 *(.init7)
 *(.init8)
 *(.init8)
 *(.init9)
 .init9         0x00003436        0x8 c:/winavr-20100110/bin/../lib/gcc/avr/4.3.3/../../../../avr/lib/avr6/crtm2560.o
 *(.init9)
 *(.text)
 .text          0x0000343e        0x4 c:/winavr-20100110/bin/../lib/gcc/avr/4.3.3/../../../../avr/lib/avr6/crtm2560.o
                0x0000343e                __vector_22
                0x0000343e                __vector_28
                0x0000343e                __vector_1
                0x0000343e                __vector_32
                0x0000343e                __vector_34
                0x0000343e                __vector_24
                0x0000343e                __vector_12
                0x0000343e                __vector_55
                0x0000343e                __vector_46
                0x0000343e                __bad_interrupt
                0x0000343e                __vector_6
                0x0000343e                __vector_31
                0x0000343e                __vector_35
                0x0000343e                __vector_39
                0x0000343e                __vector_3
                0x0000343e                __vector_23
                0x0000343e                __vector_30
                0x0000343e                __vector_45
                0x0000343e                __vector_11
                0x0000343e                __vector_54
                0x0000343e                __vector_19
                0x0000343e                __vector_56
                0x0000343e                __vector_7
                0x0000343e                __vector_49
                0x0000343e                __vector_41
                0x0000343e                __vector_43
                0x0000343e                __vector_5
                0x0000343e                __vector_33
                0x0000343e                __vector_47
                0x0000343e                __vector_4
                0x0000343e                __vector_44
                0x0000343e                __vector_9
                0x0000343e                __vector_2
                0x0000343e                __vector_15
                0x0000343e                __vector_29
                0x0000343e                __vector_40
                0x0000343e                __vector_8
                0x0000343e                __vector_48
                0x0000343e                __vector_14
                0x0000343e                __vector_10
                0x0000343e                __vector_50
                0x0000343e                __vector_16
                0x0000343e                __vector_20
 .text          0x00003442        0x0 c:/winavr-20100110/bin/../lib/gcc/avr/4.3.3/../../../../avr/lib/avr6\libprintf_flt.a(vfprintf_flt.o)
 .text          0x00003442        0x0 c:/winavr-20100110/bin/../lib/gcc/avr/4.3.3/../../../../avr/lib/avr6\libscanf_flt.a(vfscanf_flt.o)
 .text          0x00003442        0x0 c:/winavr-20100110/bin/../lib/gcc/avr/4.3.3/../../../../avr/lib/avr6\libm.a(floatsisf.o)
 .text          0x00003442        0x0 c:/winavr-20100110/bin/../lib/gcc/avr/4.3.3/../../../../avr/lib/avr6\libm.a(mulsf3.o)
 .text          0x00003442        0x0 c:/winavr-20100110/bin/../lib/gcc/avr/4.3.3/../../../../avr/lib/avr6\libm.a(mulsf3x.o)
 .text          0x00003442        0x0 c:/winavr-20100110/bin/../lib/gcc/avr/4.3.3/../../../../avr/lib/avr6\libm.a(fp_inf.o)
 .text          0x00003442        0x0 c:/winavr-20100110/bin/../lib/gcc/avr/4.3.3/../../../../avr/lib/avr6\libm.a(fp_nan.o)
 .text          0x00003442        0x0 c:/winavr-20100110/bin/../lib/gcc/avr/4.3.3/../../../../avr/lib/avr6\libm.a(fp_pscA.o)
 .text          0x00003442        0x0 c:/winavr-20100110/bin/../lib/gcc/avr/4.3.3/../../../../avr/lib/avr6\libm.a(fp_pscB.o)
 .text          0x00003442        0x0 c:/winavr-20100110/bin/../lib/gcc/avr/4.3.3/../../../../avr/lib/avr6\libm.a(fp_round.o)
 .text          0x00003442        0x0 c:/winavr-20100110/bin/../lib/gcc/avr/4.3.3/../../../../avr/lib/avr6\libm.a(fp_split3.o)
 .text          0x00003442        0x0 c:/winavr-20100110/bin/../lib/gcc/avr/4.3.3/../../../../avr/lib/avr6\libm.a(fp_zero.o)
 .text          0x00003442     0xb9de vmd2_3.o
                0x0000775e                __vector_38
                0x000071fc                IP_compare_Const
                0x00004b50                RTC_GetTrueTime
                0x00007f58                DigitOut
                0x00005ff8                MB_Slave_Off
                0x000082f2                ApplCycle
                0x000049e8                SetDateTime
                0x0000edaa                EEMEMBackUpOk
                0x0000989a                analize_DTMF
                0x000037b8                StartTimer16
                0x00005828                MB_FrameReg
                0x000036b0                Timer16SysAlloc
                0x00007a6c                InitBufStr
                0x00003938                StopTimer16
                0x00003e2e                MB_LED2
                0x00009644                PutVal
                0x00007db4                DI_Status
                0x00007f44                DO_Disable
                0x00007d4e                MenuEsc
                0x000075d0                GSM_TX
                0x00004394                Log10
                0x00009dd0                erbl
                0x00007228                GSM_StartCalling
                0x0000b79e                MenuDown
                0x000043fa                DecodBCD
                0x00008178                ThermExt
                0x00003f52                ADC_In
                0x00008020                AI_Init
                0x00007578                GSM_SendFirstChar
                0x000038cc                StopTimer8_ISR
                0x00009ad2                ewb
                0x000036be                Timer32SysAlloc
                0x00007d50                DI_State
                0x00007030                MB_Master_MaxCycle_Clear
                0x00008b46                Put_zDVal
                0x00003e16                RS485_0
                0x00003e3c                PWM_Init
                0x0000839a                GSM_AddHeaderSendData
                0x0000e420                SetBAUD
                0x000086a6                Put_bVal
                0x00009b58                eww
                0x00007e36                DO_State
                0x00007042                MB_M_Cycle
                0x00007534                GSM_Wait_Char
                0x00009aa6                Key_Mem
                0x00003d84                TimeCycle
                0x0000348c                CRC_Seed
                0x0000a7b0                MenuEscLeft
                0x00004852                TWI_Error
                0x00003b40                ResetTimer8
                0x00008d88                Put_sDVal
                0x0000b854                MenuUp
                0x000088f0                Put_TextValAlignRight
                0x0000522a                StartTimer0
                0x0000e2fa                USART_Cycle
                0x00007e6a                DO_Front
                0x0000719a                MB_Cycle
                0x000035e2                WdtOn
                0x00009920                DigiFilt
                0x0000817a                Therm_ADC_Off
                0x00004d7e                GSM_CTS_State
                0x00004d94                LED_Init
                0x00003e30                MB_LED_Err_On_0
                0x00009874                GSM_Execute_Command
                0x00005516                MB_Transm
                0x00008a9c                Put_FFVal
                0x00007abc                GotoMenu
                0x00006d0a                MB_M_Tx
                0x00003e3a                MB_LED_Err_Off_2
                0x000035c6                InterruInit
                0x00007f24                SetAllDigOut
                0x00007dd8                DI_Init
                0x00003e36                MB_LED_Err_Off_1
                0x000057d4                SetCRC_MB
                0x0000e304                IP_E_compare_Const
                0x00004d50                GSM_PWRCNTRL_OFF
                0x000084aa                Put_sbVal
                0x0000760e                __vector_25
                0x00006d22                Modbus_TX
                0x00003afc                ResetTimer8_ISR
                0x0000791c                KeypadIn
                0x000049ac                SetMDay
                0x000074f4                GSM_RX
                0x00008340                Menu_ConfirmationSave_Enter
                0x00003c20                GetTimer8_ISR
                0x000049c0                SetMon
                0x00003e34                MB_LED_Err_On_1
                0x000056de                CommErr
                0x00004606                PGM_uBrokLine
                0x00007b4c                HideMsg
                0x0000a140                ThermInit
                0x00003626                Timer32Alloc
                0x000066e0                MB_M_Timer_ISR
                0x00004be2                RTC_Check
                0x0000e8a4                TWI_In
                0x00007238                InitFIFO
                0x00003694                Timer8_ISR_SysAlloc
                0x00007250                GetByteFromFIFO
                0x0000842e                GetMultiSymbol
                0x00007efc                TogDigOut
                0x00004dd2                LED_Toggle
                0x000035ca                IntOff
                0x00009302                Put_zVal
                0x00004d70                GSM_CTS_RTS_Config
                0x00005394                __vector_13
                0x0000c0bc                MenuOut
                0x00009b8a                OnTimeSave
                0x000071ec                SetIP
                0x00003cdc                __vector_17
                0x00003bce                ResetTimer32
                0x0000e4be                Key_MB0_BitRate
                0x000075a0                GSM_DRE
                0x00003a90                Timer32Stopp
                0x00009afe                MB_M_Try_Set
                0x00003c5e                GetTimer32
                0x00009fce                ThermChanWrong
                0x000081b0                ThermWrong
                0x0000a1c4                DigitIn
                0x00003e20                RS485_1
                0x0000e610                USART_Init
                0x0000990a                GSM_Wait_Response
                0x000078f6                KeypadInit
                0x00003664                Timer16AppAlloc
                0x000035fc                Timer8_ISR_Alloc
                0x00007448                GSM_Init
                0x0000837a                GSM_SendData
                0x00004970                SetSec
                0x00004d8c                GSM_RTS_ON
                0x0000e4c6                SetParity
                0x00009dd6                erd
                0x00003e0c                MB_PLC_Init
                0x00009ddc                erw
                0x000073ea                ForceEndStringFromFIFO
                0x0000367c                Timer32AppAlloc
                0x00004d60                GSM_PWRCNTRL_ON
                0x00004d40                GSM_PWRCNTRL_Config
                0x00007662                __vector_27
                0x00003442                rrb
                0x0000a008                ThermChan
                0x00005204                LCDBackLightControl
                0x00008042                AnalogIn
                0x00007382                GetStringFromFIFOwithOverflowDetect
                0x0000523e                StartTimer2
                0x00004918                SetWeekday
                0x00003e7a                PWM_Out
                0x000075f4                GSM_GotoNextVega
                0x00007bf0                GetCurrFieldSize
                0x00003634                Timer8_ISR_AppAlloc
                0x00007d4c                MenuEnter
                0x00008838                Put_TextValAlignLeft
                0x00004984                SetMin
                0x0000396e                StopTimer32
                0x000075f8                GSM_GetConfirmState
                0x000082e0                ApplInit
                0x00009f3e                MemCheck
                0x00003dc8                Delay_ms
                0x00003448                prb
                0x00007806                __vector_52
                0x000077b2                __vector_37
                0x00005886                MB_S_Timer_ISR
                0x000036cc                StartTimer8_ISR
                0x00003c8c                TimerAllocError
                0x00009ba8                TimersInc
                0x00003458                prd
                0x0000831a                StartKey
                0x0000e6b8                LCD_Init
                0x0000ec2a                main
                0x0000481a                TWI_Init
                0x00008208                Key_MB0_CPT_Clear
                0x00009dbc                ewbl
                0x0000740e                GetDataFromFIFO
                0x000055e4                Modbus_RX
                0x0000e67c                LCDBackLightInit
                0x00009818                GSM_SendCR
                0x00009adc                MB_M_TimeOff_Set
                0x00007ff6                DO_Init
                0x000046bc                InterBrokLine
                0x0000450a                uLineFunc
                0x00007d48                MenuRight
                0x00003dc2                MaxScanCycle_Clear
                0x00003a30                Timer16Stopp
                0x0000822e                Key_MaxScanCycle_Clear
                0x00005856                MB_CPT_Clear
                0x00003e2c                MB_LED1
                0x000075f2                GSM_Reset
                0x000078a6                __vector_51
                0x0000947c                Put_sVal
                0x00004b8a                RTC_SetTrueTime
                0x0000823e                Caller_StartCalling
                0x00009b42                Set_MB_Addr
                0x000080b0                Thermode
                0x0000e61a                LCDBackLightStartTimer
                0x0000432c                Pow10
                0x00007ed2                ResDigOut
                0x0000eb5a                TimeInit
                0x00004b40                RTC_Ready
                0x0000360a                Timer8Alloc
                0x00003b84                ResetTimer16
                0x00005330                __vector_21
                0x00003742                StartTimer8
                0x00009fa4                MemCheckMsg
                0x0000770a                __vector_36
                0x00004e92                LCD_Rdy
                0x00003482                prp
                0x0000347c                prc
                0x0000344e                prw
                0x00003468                prb_f
                0x0000364c                Timer8AppAlloc
                0x00004dbe                LED_Off
                0x00009b20                MB_M_Timeout_Set
                0x0000e400                MB_S_Init
                0x0000440e                LineFunc
                0x00007eaa                SetDigOut
                0x00003c2c                GetTimer8
                0x00004ebe                LCD_Out
                0x00007d4a                MenuLeft
                0x00003e2a                MB_LED0
                0x000097be                GSM_Wait_Response_P
                0x00003902                StopTimer8
                0x000076b6                __vector_26
                0x00004d84                GSM_RTS_OFF
                0x000039a4                Timer8Stopp_ISR
                0x000051e8                LCDBackLightOff
                0x00007324                GetStringFromFIFO
                0x0000e81a                RTC_Summer_Time
                0x0000e5b4                MB_Init
                0x000043e0                CodBCD
                0x000036a2                Timer8SysAlloc
                0x00003528                CRC
                0x0000435a                PowL10
                0x0000c5a0                GSM_Cycle
                0x00003e38                MB_LED_Err_On_2
                0x000083ba                PresicionHanler
                0x00005fe0                MB_S_Tx
                0x000089a8                Put_GFVal
                0x00003618                Timer16Alloc
                0x000039ea                Timer8Stopp
                0x0000eddc                Menu_BackUp_Enter
                0x00008448                PutEnum
                0x00007d74                DI_Front
                0x000082de                ChannelProcessing
                0x00009dc6                ewd
                0x0000e35e                MB_M_Init
                0x00003c38                GetTimer16
                0x00009a88                MemFailReset
                0x0000e5ac                Key_MB0_Parity
                0x00004998                SetHour
                0x00007856                __vector_53
                0x0000ebf6                MemCheckInit
                0x00006eca                MB_SingleRun
                0x00004daa                LED_On
                0x00007b92                MenuInit
                0x00003ddc                Delay_us
                0x0000b100                MenuEnterRight
                0x000042a4                SPI_Init
                0x0000824a                CallerCycle
                0x00009fc8                erb
                0x00009de2                EE_InterBrokLine
                0x00007f30                DO_Enable
                0x00004f2e                __vector_18
                0x0000760c                GPRS_ServerAddr_Save
                0x00007b70                ShowMsg
                0x000051cc                LCDBackLightOn
                0x000049d4                SetYear
                0x00003836                StartTimer32
                0x0000832a                Menu_ConfirmationRest_Enter
                0x00008328                StopKey
                0x00003cc4                ScanCycleInit
                0x00005256                StartTimer4
                0x000053fc                __vector_42
                0x00009b62                MB_M_Period_Set
                0x00003e32                MB_LED_Err_Off_0
                0x0000c55a                strcpy_EE
                0x0000921c                Put_zVal_h
                0x00008226                ResetGSMState
                0x00008fda                PutDVal
                0x000035d6                IntOn
 .text          0x0000ee20        0x0 c:/winavr-20100110/bin/../lib/gcc/avr/4.3.3/../../../../avr/lib/avr6\libc.a(exit.o)
 .text          0x0000ee20        0x0 c:/winavr-20100110/bin/../lib/gcc/avr/4.3.3/../../../../avr/lib/avr6\libc.a(ftoa_engine.o)
 .text          0x0000ee20        0x0 c:/winavr-20100110/bin/../lib/gcc/avr/4.3.3/../../../../avr/lib/avr6\libc.a(isspace.o)
 .text          0x0000ee20        0x0 c:/winavr-20100110/bin/../lib/gcc/avr/4.3.3/../../../../avr/lib/avr6\libc.a(tolower.o)
 .text          0x0000ee20        0x0 c:/winavr-20100110/bin/../lib/gcc/avr/4.3.3/../../../../avr/lib/avr6\libc.a(strchr_P.o)
 .text          0x0000ee20        0x0 c:/winavr-20100110/bin/../lib/gcc/avr/4.3.3/../../../../avr/lib/avr6\libc.a(strcmp_P.o)
 .text          0x0000ee20        0x0 c:/winavr-20100110/bin/../lib/gcc/avr/4.3.3/../../../../avr/lib/avr6\libc.a(strcpy_P.o)
 .text          0x0000ee20        0x0 c:/winavr-20100110/bin/../lib/gcc/avr/4.3.3/../../../../avr/lib/avr6\libc.a(strlen_P.o)
 .text          0x0000ee20        0x0 c:/winavr-20100110/bin/../lib/gcc/avr/4.3.3/../../../../avr/lib/avr6\libc.a(strncmp_P.o)
 .text          0x0000ee20        0x0 c:/winavr-20100110/bin/../lib/gcc/avr/4.3.3/../../../../avr/lib/avr6\libc.a(strnlen_P.o)
 .text          0x0000ee20        0x0 c:/winavr-20100110/bin/../lib/gcc/avr/4.3.3/../../../../avr/lib/avr6\libc.a(strstr_P.o)
 .text          0x0000ee20        0x0 c:/winavr-20100110/bin/../lib/gcc/avr/4.3.3/../../../../avr/lib/avr6\libc.a(memcpy.o)
 .text          0x0000ee20        0x0 c:/winavr-20100110/bin/../lib/gcc/avr/4.3.3/../../../../avr/lib/avr6\libc.a(strchr.o)
 .text          0x0000ee20        0x0 c:/winavr-20100110/bin/../lib/gcc/avr/4.3.3/../../../../avr/lib/avr6\libc.a(strcmp.o)
 .text          0x0000ee20        0x0 c:/winavr-20100110/bin/../lib/gcc/avr/4.3.3/../../../../avr/lib/avr6\libc.a(strnlen.o)
 .text          0x0000ee20        0x0 c:/winavr-20100110/bin/../lib/gcc/avr/4.3.3/../../../../avr/lib/avr6\libc.a(strstr.o)
 .text          0x0000ee20        0x0 c:/winavr-20100110/bin/../lib/gcc/avr/4.3.3/../../../../avr/lib/avr6\libc.a(fgetc.o)
 .text          0x0000ee20        0x0 c:/winavr-20100110/bin/../lib/gcc/avr/4.3.3/../../../../avr/lib/avr6\libc.a(fputc.o)
 .text          0x0000ee20        0x0 c:/winavr-20100110/bin/../lib/gcc/avr/4.3.3/../../../../avr/lib/avr6\libc.a(sprintf.o)
 .text          0x0000ee20        0x0 c:/winavr-20100110/bin/../lib/gcc/avr/4.3.3/../../../../avr/lib/avr6\libc.a(sprintf_p.o)
 .text          0x0000ee20        0x0 c:/winavr-20100110/bin/../lib/gcc/avr/4.3.3/../../../../avr/lib/avr6\libc.a(sscanf.o)
 .text          0x0000ee20        0x0 c:/winavr-20100110/bin/../lib/gcc/avr/4.3.3/../../../../avr/lib/avr6\libc.a(sscanf_p.o)
 .text          0x0000ee20        0x0 c:/winavr-20100110/bin/../lib/gcc/avr/4.3.3/../../../../avr/lib/avr6\libc.a(ungetc.o)
 .text          0x0000ee20        0x0 c:/winavr-20100110/bin/../lib/gcc/avr/4.3.3/../../../../avr/lib/avr6\libc.a(ultoa_invert.o)
 .text          0x0000ee20        0x0 c:/winavr-20100110/bin/../lib/gcc/avr/4.3.3/../../../../avr/lib/avr6\libc.a(addsf3.o)
 .text          0x0000ee20        0x0 c:/winavr-20100110/bin/../lib/gcc/avr/4.3.3/../../../../avr/lib/avr6\libc.a(addsf3x.o)
 .text          0x0000ee20        0x0 c:/winavr-20100110/bin/../lib/gcc/avr/4.3.3/../../../../avr/lib/avr6\libc.a(divsf3.o)
 .text          0x0000ee20        0x0 c:/winavr-20100110/bin/../lib/gcc/avr/4.3.3/../../../../avr/lib/avr6\libc.a(divsf3x.o)
 .text          0x0000ee20        0x0 c:/winavr-20100110/bin/../lib/gcc/avr/4.3.3/../../../../avr/lib/avr6\libc.a(fixsfsi.o)
 .text          0x0000ee20        0x0 c:/winavr-20100110/bin/../lib/gcc/avr/4.3.3/../../../../avr/lib/avr6\libc.a(fixunssfsi.o)
 .text          0x0000ee20        0x0 c:/winavr-20100110/bin/../lib/gcc/avr/4.3.3/../../../../avr/lib/avr6\libc.a(eerd_block_atmega2560.o)
 .text          0x0000ee20        0x0 c:/winavr-20100110/bin/../lib/gcc/avr/4.3.3/../../../../avr/lib/avr6\libc.a(eerd_byte_atmega2560.o)
 .text          0x0000ee20        0x0 c:/winavr-20100110/bin/../lib/gcc/avr/4.3.3/../../../../avr/lib/avr6\libc.a(eerd_dword_atmega2560.o)
 .text          0x0000ee20        0x0 c:/winavr-20100110/bin/../lib/gcc/avr/4.3.3/../../../../avr/lib/avr6\libc.a(eerd_word_atmega2560.o)
 .text          0x0000ee20        0x0 c:/winavr-20100110/bin/../lib/gcc/avr/4.3.3/../../../../avr/lib/avr6\libc.a(eewr_block_atmega2560.o)
 .text          0x0000ee20        0x0 c:/winavr-20100110/bin/../lib/gcc/avr/4.3.3/../../../../avr/lib/avr6\libc.a(eewr_byte_atmega2560.o)
 .text          0x0000ee20        0x0 c:/winavr-20100110/bin/../lib/gcc/avr/4.3.3/../../../../avr/lib/avr6\libc.a(eewr_dword_atmega2560.o)
 .text          0x0000ee20        0x0 c:/winavr-20100110/bin/../lib/gcc/avr/4.3.3/../../../../avr/lib/avr6\libc.a(eewr_word_atmega2560.o)
 .text          0x0000ee20        0x0 c:/winavr-20100110/bin/../lib/gcc/avr/4.3.3/../../../../avr/lib/avr6\libc.a(cty_isfalse.o)
 .text          0x0000ee20        0x0 c:/winavr-20100110/bin/../lib/gcc/avr/4.3.3/avr6\libgcc.a(_mulsi3.o)
 .text          0x0000ee20        0x0 c:/winavr-20100110/bin/../lib/gcc/avr/4.3.3/avr6\libgcc.a(_udivmodqi4.o)
 .text          0x0000ee20        0x0 c:/winavr-20100110/bin/../lib/gcc/avr/4.3.3/avr6\libgcc.a(_udivmodhi4.o)
 .text          0x0000ee20        0x0 c:/winavr-20100110/bin/../lib/gcc/avr/4.3.3/avr6\libgcc.a(_divmodhi4.o)
 .text          0x0000ee20        0x0 c:/winavr-20100110/bin/../lib/gcc/avr/4.3.3/avr6\libgcc.a(_udivmodsi4.o)
 .text          0x0000ee20        0x0 c:/winavr-20100110/bin/../lib/gcc/avr/4.3.3/avr6\libgcc.a(_divmodsi4.o)
 .text          0x0000ee20        0x0 c:/winavr-20100110/bin/../lib/gcc/avr/4.3.3/avr6\libgcc.a(_exit.o)
 .text          0x0000ee20        0x0 c:/winavr-20100110/bin/../lib/gcc/avr/4.3.3/avr6\libgcc.a(_clear_bss.o)
                0x0000ee20                . = ALIGN (0x2)
 *(.text.*)
 .text.avr-libc
                0x0000ee20      0x760 c:/winavr-20100110/bin/../lib/gcc/avr/4.3.3/../../../../avr/lib/avr6\libprintf_flt.a(vfprintf_flt.o)
                0x0000ee20                vfprintf
 .text.avr-libc
                0x0000f580      0x88c c:/winavr-20100110/bin/../lib/gcc/avr/4.3.3/../../../../avr/lib/avr6\libscanf_flt.a(vfscanf_flt.o)
                0x0000fb8e                vfscanf
 .text.avr-libc.fplib
                0x0000fe0c       0x7a c:/winavr-20100110/bin/../lib/gcc/avr/4.3.3/../../../../avr/lib/avr6\libm.a(floatsisf.o)
                0x0000fe10                __floatsisf
                0x0000fe0c                __floatunsisf
 .text.avr-libc.fplib
                0x0000fe86        0x4 c:/winavr-20100110/bin/../lib/gcc/avr/4.3.3/../../../../avr/lib/avr6\libm.a(mulsf3.o)
                0x0000fe86                __mulsf3
 .text.avr-libc.fplib
                0x0000fe8a       0xc2 c:/winavr-20100110/bin/../lib/gcc/avr/4.3.3/../../../../avr/lib/avr6\libm.a(mulsf3x.o)
                0x0000fea2                __mulsf3_pse
                0x0000fe9e                __mulsf3x
 .text.avr-libc.fplib
                0x0000ff4c        0xc c:/winavr-20100110/bin/../lib/gcc/avr/4.3.3/../../../../avr/lib/avr6\libm.a(fp_inf.o)
                0x0000ff4c                __fp_inf
 .text.avr-libc.fplib
                0x0000ff58        0x6 c:/winavr-20100110/bin/../lib/gcc/avr/4.3.3/../../../../avr/lib/avr6\libm.a(fp_nan.o)
                0x0000ff58                __fp_nan
 .text.avr-libc.fplib
                0x0000ff5e        0xe c:/winavr-20100110/bin/../lib/gcc/avr/4.3.3/../../../../avr/lib/avr6\libm.a(fp_pscA.o)
                0x0000ff5e                __fp_pscA
 .text.avr-libc.fplib
                0x0000ff6c        0xe c:/winavr-20100110/bin/../lib/gcc/avr/4.3.3/../../../../avr/lib/avr6\libm.a(fp_pscB.o)
                0x0000ff6c                __fp_pscB
 .text.avr-libc.fplib
                0x0000ff7a       0x22 c:/winavr-20100110/bin/../lib/gcc/avr/4.3.3/../../../../avr/lib/avr6\libm.a(fp_round.o)
                0x0000ff7a                __fp_round
 .text.avr-libc.fplib
                0x0000ff9c       0x44 c:/winavr-20100110/bin/../lib/gcc/avr/4.3.3/../../../../avr/lib/avr6\libm.a(fp_split3.o)
                0x0000ff9c                __fp_split3
                0x0000ffac                __fp_splitA
 .text.avr-libc.fplib
                0x0000ffe0        0xe c:/winavr-20100110/bin/../lib/gcc/avr/4.3.3/../../../../avr/lib/avr6\libm.a(fp_zero.o)
                0x0000ffe0                __fp_zero
                0x0000ffe2                __fp_szero
 .text.avr-libc
                0x0000ffee        0x6 c:/winavr-20100110/bin/../lib/gcc/avr/4.3.3/../../../../avr/lib/avr6\libc.a(exit.o)
                0x0000ffee                exit
 .text.avr-libc
                0x0000fff4      0x1b0 c:/winavr-20100110/bin/../lib/gcc/avr/4.3.3/../../../../avr/lib/avr6\libc.a(ftoa_engine.o)
                0x0000fff4                __ftoa_engine
 .text.avr-libc
                0x000101a4       0x10 c:/winavr-20100110/bin/../lib/gcc/avr/4.3.3/../../../../avr/lib/avr6\libc.a(isspace.o)
                0x000101a4                isspace
 .text.avr-libc
                0x000101b4       0x10 c:/winavr-20100110/bin/../lib/gcc/avr/4.3.3/../../../../avr/lib/avr6\libc.a(tolower.o)
                0x000101b4                tolower
 .text.avr-libc
                0x000101c4       0x16 c:/winavr-20100110/bin/../lib/gcc/avr/4.3.3/../../../../avr/lib/avr6\libc.a(strchr_P.o)
                0x000101c4                strchr_P
 .text.avr-libc
                0x000101da       0x12 c:/winavr-20100110/bin/../lib/gcc/avr/4.3.3/../../../../avr/lib/avr6\libc.a(strcmp_P.o)
                0x000101da                strcmp_P
 .text.avr-libc
                0x000101ec        0xe c:/winavr-20100110/bin/../lib/gcc/avr/4.3.3/../../../../avr/lib/avr6\libc.a(strcpy_P.o)
                0x000101ec                strcpy_P
 .text.avr-libc
                0x000101fa       0x12 c:/winavr-20100110/bin/../lib/gcc/avr/4.3.3/../../../../avr/lib/avr6\libc.a(strlen_P.o)
                0x000101fa                strlen_P
 .text.avr-libc
                0x0001020c       0x1c c:/winavr-20100110/bin/../lib/gcc/avr/4.3.3/../../../../avr/lib/avr6\libc.a(strncmp_P.o)
                0x0001020c                strncmp_P
 .text.avr-libc
                0x00010228       0x16 c:/winavr-20100110/bin/../lib/gcc/avr/4.3.3/../../../../avr/lib/avr6\libc.a(strnlen_P.o)
                0x00010228                strnlen_P
 .text.avr-libc
                0x0001023e       0x34 c:/winavr-20100110/bin/../lib/gcc/avr/4.3.3/../../../../avr/lib/avr6\libc.a(strstr_P.o)
                0x0001023e                strstr_P
 .text.avr-libc
                0x00010272       0x12 c:/winavr-20100110/bin/../lib/gcc/avr/4.3.3/../../../../avr/lib/avr6\libc.a(memcpy.o)
                0x00010272                memcpy
 .text.avr-libc
                0x00010284       0x16 c:/winavr-20100110/bin/../lib/gcc/avr/4.3.3/../../../../avr/lib/avr6\libc.a(strchr.o)
                0x00010284                strchr
 .text.avr-libc
                0x0001029a       0x12 c:/winavr-20100110/bin/../lib/gcc/avr/4.3.3/../../../../avr/lib/avr6\libc.a(strcmp.o)
                0x0001029a                strcmp
 .text.avr-libc
                0x000102ac       0x16 c:/winavr-20100110/bin/../lib/gcc/avr/4.3.3/../../../../avr/lib/avr6\libc.a(strnlen.o)
                0x000102ac                strnlen
 .text.avr-libc
                0x000102c2       0x34 c:/winavr-20100110/bin/../lib/gcc/avr/4.3.3/../../../../avr/lib/avr6\libc.a(strstr.o)
                0x000102c2                strstr
 .text.avr-libc
                0x000102f6       0x84 c:/winavr-20100110/bin/../lib/gcc/avr/4.3.3/../../../../avr/lib/avr6\libc.a(fgetc.o)
                0x000102f6                fgetc
 .text.avr-libc
                0x0001037a       0x58 c:/winavr-20100110/bin/../lib/gcc/avr/4.3.3/../../../../avr/lib/avr6\libc.a(fputc.o)
                0x0001037a                fputc
 .text.avr-libc
                0x000103d2       0x62 c:/winavr-20100110/bin/../lib/gcc/avr/4.3.3/../../../../avr/lib/avr6\libc.a(sprintf.o)
                0x000103d2                sprintf
 .text.avr-libc
                0x00010434       0x62 c:/winavr-20100110/bin/../lib/gcc/avr/4.3.3/../../../../avr/lib/avr6\libc.a(sprintf_p.o)
                0x00010434                sprintf_P
 .text.avr-libc
                0x00010496       0x46 c:/winavr-20100110/bin/../lib/gcc/avr/4.3.3/../../../../avr/lib/avr6\libc.a(sscanf.o)
                0x00010496                sscanf
 .text.avr-libc
                0x000104dc       0x46 c:/winavr-20100110/bin/../lib/gcc/avr/4.3.3/../../../../avr/lib/avr6\libc.a(sscanf_p.o)
                0x000104dc                sscanf_P
 .text.avr-libc
                0x00010522       0x34 c:/winavr-20100110/bin/../lib/gcc/avr/4.3.3/../../../../avr/lib/avr6\libc.a(ungetc.o)
                0x00010522                ungetc
 .text.avr-libc
                0x00010556       0xbc c:/winavr-20100110/bin/../lib/gcc/avr/4.3.3/../../../../avr/lib/avr6\libc.a(ultoa_invert.o)
                0x00010556                __ultoa_invert
 .text.avr-libc.fplib
                0x00010612        0xa c:/winavr-20100110/bin/../lib/gcc/avr/4.3.3/../../../../avr/lib/avr6\libc.a(addsf3.o)
                0x00010612                __subsf3
                0x00010614                __addsf3
 .text.avr-libc.fplib
                0x0001061c       0xc0 c:/winavr-20100110/bin/../lib/gcc/avr/4.3.3/../../../../avr/lib/avr6\libc.a(addsf3x.o)
                0x00010636                __addsf3x
 .text.avr-libc.fplib
                0x000106dc        0x4 c:/winavr-20100110/bin/../lib/gcc/avr/4.3.3/../../../../avr/lib/avr6\libc.a(divsf3.o)
                0x000106dc                __divsf3
 .text.avr-libc.fplib
                0x000106e0       0xcc c:/winavr-20100110/bin/../lib/gcc/avr/4.3.3/../../../../avr/lib/avr6\libc.a(divsf3x.o)
                0x000106f6                __divsf3x
                0x000106fa                __divsf3_pse
 .text.avr-libc.fplib
                0x000107ac        0xa c:/winavr-20100110/bin/../lib/gcc/avr/4.3.3/../../../../avr/lib/avr6\libc.a(fixsfsi.o)
                0x000107ac                __fixsfsi
 .text.avr-libc.fplib
                0x000107b6       0x58 c:/winavr-20100110/bin/../lib/gcc/avr/4.3.3/../../../../avr/lib/avr6\libc.a(fixunssfsi.o)
                0x000107b6                __fixunssfsi
 .text.avr-libc
                0x0001080e       0x20 c:/winavr-20100110/bin/../lib/gcc/avr/4.3.3/../../../../avr/lib/avr6\libc.a(eerd_block_atmega2560.o)
                0x00010812                __eerd_blraw_m2560
                0x0001080e                __eerd_block_m2560
 .text.avr-libc
                0x0001082e       0x10 c:/winavr-20100110/bin/../lib/gcc/avr/4.3.3/../../../../avr/lib/avr6\libc.a(eerd_byte_atmega2560.o)
                0x0001082e                __eerd_byte_m2560
 .text.avr-libc
                0x0001083e        0xc c:/winavr-20100110/bin/../lib/gcc/avr/4.3.3/../../../../avr/lib/avr6\libc.a(eerd_dword_atmega2560.o)
                0x0001083e                __eerd_dword_m2560
                0x0001083e                __eerd_float_m2560
 .text.avr-libc
                0x0001084a        0xc c:/winavr-20100110/bin/../lib/gcc/avr/4.3.3/../../../../avr/lib/avr6\libc.a(eerd_word_atmega2560.o)
                0x0001084a                __eerd_word_m2560
 .text.avr-libc
                0x00010856       0x14 c:/winavr-20100110/bin/../lib/gcc/avr/4.3.3/../../../../avr/lib/avr6\libc.a(eewr_block_atmega2560.o)
                0x00010856                __eewr_block_m2560
 .text.avr-libc
                0x0001086a       0x1c c:/winavr-20100110/bin/../lib/gcc/avr/4.3.3/../../../../avr/lib/avr6\libc.a(eewr_byte_atmega2560.o)
                0x0001086c                __eewr_r18_m2560
                0x0001086a                __eewr_byte_m2560
 .text.avr-libc
                0x00010886       0x10 c:/winavr-20100110/bin/../lib/gcc/avr/4.3.3/../../../../avr/lib/avr6\libc.a(eewr_dword_atmega2560.o)
                0x00010886                __eewr_dword_m2560
                0x00010886                __eewr_float_m2560
 .text.avr-libc
                0x00010896        0xa c:/winavr-20100110/bin/../lib/gcc/avr/4.3.3/../../../../avr/lib/avr6\libc.a(eewr_word_atmega2560.o)
                0x00010896                __eewr_word_m2560
 .text.avr-libc
                0x000108a0        0x6 c:/winavr-20100110/bin/../lib/gcc/avr/4.3.3/../../../../avr/lib/avr6\libc.a(cty_isfalse.o)
                0x000108a4                __ctype_istrue
                0x000108a0                __ctype_isfalse
 .text.libgcc   0x000108a6       0x3e c:/winavr-20100110/bin/../lib/gcc/avr/4.3.3/avr6\libgcc.a(_mulsi3.o)
                0x000108a6                __mulsi3
 .text.libgcc   0x000108e4       0x18 c:/winavr-20100110/bin/../lib/gcc/avr/4.3.3/avr6\libgcc.a(_udivmodqi4.o)
                0x000108e4                __udivmodqi4
 .text.libgcc   0x000108fc       0x28 c:/winavr-20100110/bin/../lib/gcc/avr/4.3.3/avr6\libgcc.a(_udivmodhi4.o)
                0x000108fc                __udivmodhi4
 .text.libgcc   0x00010924       0x26 c:/winavr-20100110/bin/../lib/gcc/avr/4.3.3/avr6\libgcc.a(_divmodhi4.o)
                0x00010924                __divmodhi4
                0x00010924                _div
 .text.libgcc   0x0001094a       0x44 c:/winavr-20100110/bin/../lib/gcc/avr/4.3.3/avr6\libgcc.a(_udivmodsi4.o)
                0x0001094a                __udivmodsi4
 .text.libgcc   0x0001098e       0x36 c:/winavr-20100110/bin/../lib/gcc/avr/4.3.3/avr6\libgcc.a(_divmodsi4.o)
                0x0001098e                __divmodsi4
 .text.libgcc   0x000109c4        0x0 c:/winavr-20100110/bin/../lib/gcc/avr/4.3.3/avr6\libgcc.a(_exit.o)
 .text.libgcc   0x000109c4        0x0 c:/winavr-20100110/bin/../lib/gcc/avr/4.3.3/avr6\libgcc.a(_clear_bss.o)
                0x000109c4                . = ALIGN (0x2)
 *(.fini9)
 .fini9         0x000109c4        0x0 c:/winavr-20100110/bin/../lib/gcc/avr/4.3.3/avr6\libgcc.a(_exit.o)
                0x000109c4                _exit
 *(.fini9)
 *(.fini8)
 *(.fini8)
 *(.fini7)
 *(.fini7)
 *(.fini6)
 *(.fini6)
 *(.fini5)
 *(.fini5)
 *(.fini4)
 *(.fini4)
 *(.fini3)
 *(.fini3)
 *(.fini2)
 *(.fini2)
 *(.fini1)
 *(.fini1)
 *(.fini0)
 .fini0         0x000109c4        0x4 c:/winavr-20100110/bin/../lib/gcc/avr/4.3.3/avr6\libgcc.a(_exit.o)
 *(.fini0)
                0x000109c8                _etext = .

.data           0x00800200       0xda load address 0x000109c8
                0x00800200                PROVIDE (__data_start, .)
 *(.data)
 .data          0x00800200        0x0 c:/winavr-20100110/bin/../lib/gcc/avr/4.3.3/../../../../avr/lib/avr6/crtm2560.o
 .data          0x00800200        0x0 c:/winavr-20100110/bin/../lib/gcc/avr/4.3.3/../../../../avr/lib/avr6\libprintf_flt.a(vfprintf_flt.o)
 .data          0x00800200        0x0 c:/winavr-20100110/bin/../lib/gcc/avr/4.3.3/../../../../avr/lib/avr6\libscanf_flt.a(vfscanf_flt.o)
 .data          0x00800200        0x0 c:/winavr-20100110/bin/../lib/gcc/avr/4.3.3/../../../../avr/lib/avr6\libm.a(floatsisf.o)
 .data          0x00800200        0x0 c:/winavr-20100110/bin/../lib/gcc/avr/4.3.3/../../../../avr/lib/avr6\libm.a(mulsf3.o)
 .data          0x00800200        0x0 c:/winavr-20100110/bin/../lib/gcc/avr/4.3.3/../../../../avr/lib/avr6\libm.a(mulsf3x.o)
 .data          0x00800200        0x0 c:/winavr-20100110/bin/../lib/gcc/avr/4.3.3/../../../../avr/lib/avr6\libm.a(fp_inf.o)
 .data          0x00800200        0x0 c:/winavr-20100110/bin/../lib/gcc/avr/4.3.3/../../../../avr/lib/avr6\libm.a(fp_nan.o)
 .data          0x00800200        0x0 c:/winavr-20100110/bin/../lib/gcc/avr/4.3.3/../../../../avr/lib/avr6\libm.a(fp_pscA.o)
 .data          0x00800200        0x0 c:/winavr-20100110/bin/../lib/gcc/avr/4.3.3/../../../../avr/lib/avr6\libm.a(fp_pscB.o)
 .data          0x00800200        0x0 c:/winavr-20100110/bin/../lib/gcc/avr/4.3.3/../../../../avr/lib/avr6\libm.a(fp_round.o)
 .data          0x00800200        0x0 c:/winavr-20100110/bin/../lib/gcc/avr/4.3.3/../../../../avr/lib/avr6\libm.a(fp_split3.o)
 .data          0x00800200        0x0 c:/winavr-20100110/bin/../lib/gcc/avr/4.3.3/../../../../avr/lib/avr6\libm.a(fp_zero.o)
 .data          0x00800200       0xd9 vmd2_3.o
                0x008002d1                VacantTimer32Sys
                0x008002cd                VacantTimer16
                0x008002d4                CurrPage
                0x008002cf                VacantTimer8Sys
                0x008002d2                GSM_Flag
                0x008002d6                CurrField
                0x008002cc                VacantTimer8
                0x008002d3                GSM_ActiveConnection
                0x008002ce                VacantTimer32
                0x008002d7                CurrPos
                0x008002d0                VacantTimer16Sys
 .data          0x008002d9        0x0 c:/winavr-20100110/bin/../lib/gcc/avr/4.3.3/../../../../avr/lib/avr6\libc.a(exit.o)
 .data          0x008002d9        0x0 c:/winavr-20100110/bin/../lib/gcc/avr/4.3.3/../../../../avr/lib/avr6\libc.a(ftoa_engine.o)
 .data          0x008002d9        0x0 c:/winavr-20100110/bin/../lib/gcc/avr/4.3.3/../../../../avr/lib/avr6\libc.a(isspace.o)
 .data          0x008002d9        0x0 c:/winavr-20100110/bin/../lib/gcc/avr/4.3.3/../../../../avr/lib/avr6\libc.a(tolower.o)
 .data          0x008002d9        0x0 c:/winavr-20100110/bin/../lib/gcc/avr/4.3.3/../../../../avr/lib/avr6\libc.a(strchr_P.o)
 .data          0x008002d9        0x0 c:/winavr-20100110/bin/../lib/gcc/avr/4.3.3/../../../../avr/lib/avr6\libc.a(strcmp_P.o)
 .data          0x008002d9        0x0 c:/winavr-20100110/bin/../lib/gcc/avr/4.3.3/../../../../avr/lib/avr6\libc.a(strcpy_P.o)
 .data          0x008002d9        0x0 c:/winavr-20100110/bin/../lib/gcc/avr/4.3.3/../../../../avr/lib/avr6\libc.a(strlen_P.o)
 .data          0x008002d9        0x0 c:/winavr-20100110/bin/../lib/gcc/avr/4.3.3/../../../../avr/lib/avr6\libc.a(strncmp_P.o)
 .data          0x008002d9        0x0 c:/winavr-20100110/bin/../lib/gcc/avr/4.3.3/../../../../avr/lib/avr6\libc.a(strnlen_P.o)
 .data          0x008002d9        0x0 c:/winavr-20100110/bin/../lib/gcc/avr/4.3.3/../../../../avr/lib/avr6\libc.a(strstr_P.o)
 .data          0x008002d9        0x0 c:/winavr-20100110/bin/../lib/gcc/avr/4.3.3/../../../../avr/lib/avr6\libc.a(memcpy.o)
 .data          0x008002d9        0x0 c:/winavr-20100110/bin/../lib/gcc/avr/4.3.3/../../../../avr/lib/avr6\libc.a(strchr.o)
 .data          0x008002d9        0x0 c:/winavr-20100110/bin/../lib/gcc/avr/4.3.3/../../../../avr/lib/avr6\libc.a(strcmp.o)
 .data          0x008002d9        0x0 c:/winavr-20100110/bin/../lib/gcc/avr/4.3.3/../../../../avr/lib/avr6\libc.a(strnlen.o)
 .data          0x008002d9        0x0 c:/winavr-20100110/bin/../lib/gcc/avr/4.3.3/../../../../avr/lib/avr6\libc.a(strstr.o)
 .data          0x008002d9        0x0 c:/winavr-20100110/bin/../lib/gcc/avr/4.3.3/../../../../avr/lib/avr6\libc.a(fgetc.o)
 .data          0x008002d9        0x0 c:/winavr-20100110/bin/../lib/gcc/avr/4.3.3/../../../../avr/lib/avr6\libc.a(fputc.o)
 .data          0x008002d9        0x0 c:/winavr-20100110/bin/../lib/gcc/avr/4.3.3/../../../../avr/lib/avr6\libc.a(sprintf.o)
 .data          0x008002d9        0x0 c:/winavr-20100110/bin/../lib/gcc/avr/4.3.3/../../../../avr/lib/avr6\libc.a(sprintf_p.o)
 .data          0x008002d9        0x0 c:/winavr-20100110/bin/../lib/gcc/avr/4.3.3/../../../../avr/lib/avr6\libc.a(sscanf.o)
 .data          0x008002d9        0x0 c:/winavr-20100110/bin/../lib/gcc/avr/4.3.3/../../../../avr/lib/avr6\libc.a(sscanf_p.o)
 .data          0x008002d9        0x0 c:/winavr-20100110/bin/../lib/gcc/avr/4.3.3/../../../../avr/lib/avr6\libc.a(ungetc.o)
 .data          0x008002d9        0x0 c:/winavr-20100110/bin/../lib/gcc/avr/4.3.3/../../../../avr/lib/avr6\libc.a(ultoa_invert.o)
 .data          0x008002d9        0x0 c:/winavr-20100110/bin/../lib/gcc/avr/4.3.3/../../../../avr/lib/avr6\libc.a(addsf3.o)
 .data          0x008002d9        0x0 c:/winavr-20100110/bin/../lib/gcc/avr/4.3.3/../../../../avr/lib/avr6\libc.a(addsf3x.o)
 .data          0x008002d9        0x0 c:/winavr-20100110/bin/../lib/gcc/avr/4.3.3/../../../../avr/lib/avr6\libc.a(divsf3.o)
 .data          0x008002d9        0x0 c:/winavr-20100110/bin/../lib/gcc/avr/4.3.3/../../../../avr/lib/avr6\libc.a(divsf3x.o)
 .data          0x008002d9        0x0 c:/winavr-20100110/bin/../lib/gcc/avr/4.3.3/../../../../avr/lib/avr6\libc.a(fixsfsi.o)
 .data          0x008002d9        0x0 c:/winavr-20100110/bin/../lib/gcc/avr/4.3.3/../../../../avr/lib/avr6\libc.a(fixunssfsi.o)
 .data          0x008002d9        0x0 c:/winavr-20100110/bin/../lib/gcc/avr/4.3.3/../../../../avr/lib/avr6\libc.a(eerd_block_atmega2560.o)
 .data          0x008002d9        0x0 c:/winavr-20100110/bin/../lib/gcc/avr/4.3.3/../../../../avr/lib/avr6\libc.a(eerd_byte_atmega2560.o)
 .data          0x008002d9        0x0 c:/winavr-20100110/bin/../lib/gcc/avr/4.3.3/../../../../avr/lib/avr6\libc.a(eerd_dword_atmega2560.o)
 .data          0x008002d9        0x0 c:/winavr-20100110/bin/../lib/gcc/avr/4.3.3/../../../../avr/lib/avr6\libc.a(eerd_word_atmega2560.o)
 .data          0x008002d9        0x0 c:/winavr-20100110/bin/../lib/gcc/avr/4.3.3/../../../../avr/lib/avr6\libc.a(eewr_block_atmega2560.o)
 .data          0x008002d9        0x0 c:/winavr-20100110/bin/../lib/gcc/avr/4.3.3/../../../../avr/lib/avr6\libc.a(eewr_byte_atmega2560.o)
 .data          0x008002d9        0x0 c:/winavr-20100110/bin/../lib/gcc/avr/4.3.3/../../../../avr/lib/avr6\libc.a(eewr_dword_atmega2560.o)
 .data          0x008002d9        0x0 c:/winavr-20100110/bin/../lib/gcc/avr/4.3.3/../../../../avr/lib/avr6\libc.a(eewr_word_atmega2560.o)
 .data          0x008002d9        0x0 c:/winavr-20100110/bin/../lib/gcc/avr/4.3.3/../../../../avr/lib/avr6\libc.a(cty_isfalse.o)
 .data          0x008002d9        0x0 c:/winavr-20100110/bin/../lib/gcc/avr/4.3.3/avr6\libgcc.a(_mulsi3.o)
 .data          0x008002d9        0x0 c:/winavr-20100110/bin/../lib/gcc/avr/4.3.3/avr6\libgcc.a(_udivmodqi4.o)
 .data          0x008002d9        0x0 c:/winavr-20100110/bin/../lib/gcc/avr/4.3.3/avr6\libgcc.a(_udivmodhi4.o)
 .data          0x008002d9        0x0 c:/winavr-20100110/bin/../lib/gcc/avr/4.3.3/avr6\libgcc.a(_divmodhi4.o)
 .data          0x008002d9        0x0 c:/winavr-20100110/bin/../lib/gcc/avr/4.3.3/avr6\libgcc.a(_udivmodsi4.o)
 .data          0x008002d9        0x0 c:/winavr-20100110/bin/../lib/gcc/avr/4.3.3/avr6\libgcc.a(_divmodsi4.o)
 .data          0x008002d9        0x0 c:/winavr-20100110/bin/../lib/gcc/avr/4.3.3/avr6\libgcc.a(_exit.o)
 .data          0x008002d9        0x0 c:/winavr-20100110/bin/../lib/gcc/avr/4.3.3/avr6\libgcc.a(_clear_bss.o)
 *(.data*)
 *(.rodata)
 *(.rodata*)
 *(.gnu.linkonce.d*)
                0x008002da                . = ALIGN (0x2)
 *fill*         0x008002d9        0x1 00
                0x008002da                _edata = .
                0x008002da                PROVIDE (__data_end, .)

.bss            0x008002da      0x999
                0x008002da                PROVIDE (__bss_start, .)
 *(.bss)
 .bss           0x008002da        0x0 c:/winavr-20100110/bin/../lib/gcc/avr/4.3.3/../../../../avr/lib/avr6/crtm2560.o
 .bss           0x008002da        0x0 c:/winavr-20100110/bin/../lib/gcc/avr/4.3.3/../../../../avr/lib/avr6\libprintf_flt.a(vfprintf_flt.o)
 .bss           0x008002da        0x0 c:/winavr-20100110/bin/../lib/gcc/avr/4.3.3/../../../../avr/lib/avr6\libscanf_flt.a(vfscanf_flt.o)
 .bss           0x008002da        0x0 c:/winavr-20100110/bin/../lib/gcc/avr/4.3.3/../../../../avr/lib/avr6\libm.a(floatsisf.o)
 .bss           0x008002da        0x0 c:/winavr-20100110/bin/../lib/gcc/avr/4.3.3/../../../../avr/lib/avr6\libm.a(mulsf3.o)
 .bss           0x008002da        0x0 c:/winavr-20100110/bin/../lib/gcc/avr/4.3.3/../../../../avr/lib/avr6\libm.a(mulsf3x.o)
 .bss           0x008002da        0x0 c:/winavr-20100110/bin/../lib/gcc/avr/4.3.3/../../../../avr/lib/avr6\libm.a(fp_inf.o)
 .bss           0x008002da        0x0 c:/winavr-20100110/bin/../lib/gcc/avr/4.3.3/../../../../avr/lib/avr6\libm.a(fp_nan.o)
 .bss           0x008002da        0x0 c:/winavr-20100110/bin/../lib/gcc/avr/4.3.3/../../../../avr/lib/avr6\libm.a(fp_pscA.o)
 .bss           0x008002da        0x0 c:/winavr-20100110/bin/../lib/gcc/avr/4.3.3/../../../../avr/lib/avr6\libm.a(fp_pscB.o)
 .bss           0x008002da        0x0 c:/winavr-20100110/bin/../lib/gcc/avr/4.3.3/../../../../avr/lib/avr6\libm.a(fp_round.o)
 .bss           0x008002da        0x0 c:/winavr-20100110/bin/../lib/gcc/avr/4.3.3/../../../../avr/lib/avr6\libm.a(fp_split3.o)
 .bss           0x008002da        0x0 c:/winavr-20100110/bin/../lib/gcc/avr/4.3.3/../../../../avr/lib/avr6\libm.a(fp_zero.o)
 .bss           0x008002da      0x2e7 vmd2_3.o
                0x008002dc                numOfCheckBallanceRetry
                0x008002dd                GSMBusyState
                0x008002da                VacantTimer8_ISR
                0x008002de                CallerStatus
                0x008002e2                RequestRepeatCounter
                0x008002db                VacantTimer8Sys_ISR
                0x008002e0                counter
                0x008002e1                ConfirmState
                0x008002e3                TransmitterState
                0x008002df                dataSendFlg
 .bss           0x008005c1        0x0 c:/winavr-20100110/bin/../lib/gcc/avr/4.3.3/../../../../avr/lib/avr6\libc.a(exit.o)
 .bss           0x008005c1        0x0 c:/winavr-20100110/bin/../lib/gcc/avr/4.3.3/../../../../avr/lib/avr6\libc.a(ftoa_engine.o)
 .bss           0x008005c1        0x0 c:/winavr-20100110/bin/../lib/gcc/avr/4.3.3/../../../../avr/lib/avr6\libc.a(isspace.o)
 .bss           0x008005c1        0x0 c:/winavr-20100110/bin/../lib/gcc/avr/4.3.3/../../../../avr/lib/avr6\libc.a(tolower.o)
 .bss           0x008005c1        0x0 c:/winavr-20100110/bin/../lib/gcc/avr/4.3.3/../../../../avr/lib/avr6\libc.a(strchr_P.o)
 .bss           0x008005c1        0x0 c:/winavr-20100110/bin/../lib/gcc/avr/4.3.3/../../../../avr/lib/avr6\libc.a(strcmp_P.o)
 .bss           0x008005c1        0x0 c:/winavr-20100110/bin/../lib/gcc/avr/4.3.3/../../../../avr/lib/avr6\libc.a(strcpy_P.o)
 .bss           0x008005c1        0x0 c:/winavr-20100110/bin/../lib/gcc/avr/4.3.3/../../../../avr/lib/avr6\libc.a(strlen_P.o)
 .bss           0x008005c1        0x0 c:/winavr-20100110/bin/../lib/gcc/avr/4.3.3/../../../../avr/lib/avr6\libc.a(strncmp_P.o)
 .bss           0x008005c1        0x0 c:/winavr-20100110/bin/../lib/gcc/avr/4.3.3/../../../../avr/lib/avr6\libc.a(strnlen_P.o)
 .bss           0x008005c1        0x0 c:/winavr-20100110/bin/../lib/gcc/avr/4.3.3/../../../../avr/lib/avr6\libc.a(strstr_P.o)
 .bss           0x008005c1        0x0 c:/winavr-20100110/bin/../lib/gcc/avr/4.3.3/../../../../avr/lib/avr6\libc.a(memcpy.o)
 .bss           0x008005c1        0x0 c:/winavr-20100110/bin/../lib/gcc/avr/4.3.3/../../../../avr/lib/avr6\libc.a(strchr.o)
 .bss           0x008005c1        0x0 c:/winavr-20100110/bin/../lib/gcc/avr/4.3.3/../../../../avr/lib/avr6\libc.a(strcmp.o)
 .bss           0x008005c1        0x0 c:/winavr-20100110/bin/../lib/gcc/avr/4.3.3/../../../../avr/lib/avr6\libc.a(strnlen.o)
 .bss           0x008005c1        0x0 c:/winavr-20100110/bin/../lib/gcc/avr/4.3.3/../../../../avr/lib/avr6\libc.a(strstr.o)
 .bss           0x008005c1        0x0 c:/winavr-20100110/bin/../lib/gcc/avr/4.3.3/../../../../avr/lib/avr6\libc.a(fgetc.o)
 .bss           0x008005c1        0x0 c:/winavr-20100110/bin/../lib/gcc/avr/4.3.3/../../../../avr/lib/avr6\libc.a(fputc.o)
 .bss           0x008005c1        0x0 c:/winavr-20100110/bin/../lib/gcc/avr/4.3.3/../../../../avr/lib/avr6\libc.a(sprintf.o)
 .bss           0x008005c1        0x0 c:/winavr-20100110/bin/../lib/gcc/avr/4.3.3/../../../../avr/lib/avr6\libc.a(sprintf_p.o)
 .bss           0x008005c1        0x0 c:/winavr-20100110/bin/../lib/gcc/avr/4.3.3/../../../../avr/lib/avr6\libc.a(sscanf.o)
 .bss           0x008005c1        0x0 c:/winavr-20100110/bin/../lib/gcc/avr/4.3.3/../../../../avr/lib/avr6\libc.a(sscanf_p.o)
 .bss           0x008005c1        0x0 c:/winavr-20100110/bin/../lib/gcc/avr/4.3.3/../../../../avr/lib/avr6\libc.a(ungetc.o)
 .bss           0x008005c1        0x0 c:/winavr-20100110/bin/../lib/gcc/avr/4.3.3/../../../../avr/lib/avr6\libc.a(ultoa_invert.o)
 .bss           0x008005c1        0x0 c:/winavr-20100110/bin/../lib/gcc/avr/4.3.3/../../../../avr/lib/avr6\libc.a(addsf3.o)
 .bss           0x008005c1        0x0 c:/winavr-20100110/bin/../lib/gcc/avr/4.3.3/../../../../avr/lib/avr6\libc.a(addsf3x.o)
 .bss           0x008005c1        0x0 c:/winavr-20100110/bin/../lib/gcc/avr/4.3.3/../../../../avr/lib/avr6\libc.a(divsf3.o)
 .bss           0x008005c1        0x0 c:/winavr-20100110/bin/../lib/gcc/avr/4.3.3/../../../../avr/lib/avr6\libc.a(divsf3x.o)
 .bss           0x008005c1        0x0 c:/winavr-20100110/bin/../lib/gcc/avr/4.3.3/../../../../avr/lib/avr6\libc.a(fixsfsi.o)
 .bss           0x008005c1        0x0 c:/winavr-20100110/bin/../lib/gcc/avr/4.3.3/../../../../avr/lib/avr6\libc.a(fixunssfsi.o)
 .bss           0x008005c1        0x0 c:/winavr-20100110/bin/../lib/gcc/avr/4.3.3/../../../../avr/lib/avr6\libc.a(eerd_block_atmega2560.o)
 .bss           0x008005c1        0x0 c:/winavr-20100110/bin/../lib/gcc/avr/4.3.3/../../../../avr/lib/avr6\libc.a(eerd_byte_atmega2560.o)
 .bss           0x008005c1        0x0 c:/winavr-20100110/bin/../lib/gcc/avr/4.3.3/../../../../avr/lib/avr6\libc.a(eerd_dword_atmega2560.o)
 .bss           0x008005c1        0x0 c:/winavr-20100110/bin/../lib/gcc/avr/4.3.3/../../../../avr/lib/avr6\libc.a(eerd_word_atmega2560.o)
 .bss           0x008005c1        0x0 c:/winavr-20100110/bin/../lib/gcc/avr/4.3.3/../../../../avr/lib/avr6\libc.a(eewr_block_atmega2560.o)
 .bss           0x008005c1        0x0 c:/winavr-20100110/bin/../lib/gcc/avr/4.3.3/../../../../avr/lib/avr6\libc.a(eewr_byte_atmega2560.o)
 .bss           0x008005c1        0x0 c:/winavr-20100110/bin/../lib/gcc/avr/4.3.3/../../../../avr/lib/avr6\libc.a(eewr_dword_atmega2560.o)
 .bss           0x008005c1        0x0 c:/winavr-20100110/bin/../lib/gcc/avr/4.3.3/../../../../avr/lib/avr6\libc.a(eewr_word_atmega2560.o)
 .bss           0x008005c1        0x0 c:/winavr-20100110/bin/../lib/gcc/avr/4.3.3/../../../../avr/lib/avr6\libc.a(cty_isfalse.o)
 .bss           0x008005c1        0x0 c:/winavr-20100110/bin/../lib/gcc/avr/4.3.3/avr6\libgcc.a(_mulsi3.o)
 .bss           0x008005c1        0x0 c:/winavr-20100110/bin/../lib/gcc/avr/4.3.3/avr6\libgcc.a(_udivmodqi4.o)
 .bss           0x008005c1        0x0 c:/winavr-20100110/bin/../lib/gcc/avr/4.3.3/avr6\libgcc.a(_udivmodhi4.o)
 .bss           0x008005c1        0x0 c:/winavr-20100110/bin/../lib/gcc/avr/4.3.3/avr6\libgcc.a(_divmodhi4.o)
 .bss           0x008005c1        0x0 c:/winavr-20100110/bin/../lib/gcc/avr/4.3.3/avr6\libgcc.a(_udivmodsi4.o)
 .bss           0x008005c1        0x0 c:/winavr-20100110/bin/../lib/gcc/avr/4.3.3/avr6\libgcc.a(_divmodsi4.o)
 .bss           0x008005c1        0x0 c:/winavr-20100110/bin/../lib/gcc/avr/4.3.3/avr6\libgcc.a(_exit.o)
 .bss           0x008005c1        0x0 c:/winavr-20100110/bin/../lib/gcc/avr/4.3.3/avr6\libgcc.a(_clear_bss.o)
 *(.bss*)
 *(COMMON)
 COMMON         0x008005c1      0x6b2 vmd2_3.o
                0x008005c1                Tm_Hour
                0x008005c2                MB_State
                0x008005c3                BufStr
                0x008005d8                TrueTime_Hour
                0x008005d9                NextPage
                0x008005db                GSM_Temp
                0x008005dc                TempNum
                0x008005dd                NotSummerTimeFlag
                0x008005de                Tm_Year
                0x008005df                MB_M_TimeOff
                0x008005e0                MB_NativeAddr
                0x008005e1                GSM_RX_FIFO
                0x00800645                Temperature
                0x00800651                Tm_Min
                0x00800652                BackLightMode
                0x00800653                GSM_RX_FIFO_End
                0x00800654                CurrSlave
                0x00800655                CurrQuery
                0x00800656                TrueTime_MDay
                0x00800657                Tm_WDay
                0x00800658                LCD_Buf
                0x008006ac                StrSize
                0x008006ad                MB_M_Period
                0x008006af                MB_SingleState
                0x008006b0                Timer1min
                0x008006b1                MaxScanCycle
                0x008006b2                GSM_RSSI
                0x008006b3                ADC_Time
                0x008006b4                CallerState
                0x008006b5                GSM_Tx
                0x008006b6                Channels
                0x008006f6                GSM_State
                0x008006f7                Tm_Sec
                0x008006f8                ADC_Break
                0x008006fa                CurrX
                0x008006fb                Ballance
                0x008006ff                MB_Master_MaxCycle
                0x00800701                GPRS_Data_In
                0x00800733                IP_SendMask
                0x00800734                GSM_Modem
                0x00800735                Message
                0x00800738                CurrentAbonent
                0x00800739                TD_ADC
                0x0080073a                KeyPressedCounter
                0x0080073e                GSM_RX_FIFO_Begin
                0x0080073f                MB_M_Try
                0x00800740                DigInput
                0x00800749                MB_Frame_Sz
                0x0080074a                SMS_Data_Out
                0x008007ae                ScanCycle
                0x008007af                CommandModeDestination
                0x008007b0                KeyPressed
                0x008007b1                GPRS_FlgSz_Out
                0x008007b2                ScanCount
                0x008007b4                ADC_ReadFail
                0x008007b6                CallerMessage
                0x008007b8                MB_Master_Cycle
                0x008007ba                MenuDepth
                0x008007bb                GSMTxSz
                0x008007bc                MB_Coil
                0x008007c0                CurrFieldSize
                0x008007c1                TrueTime_Year
                0x008007c2                GPRS_FlgSz_In
                0x008007c3                TWI_Phase
                0x008007c4                LiveTime
                0x008007c8                SMS_FlgSz_Out
                0x008007c9                CurrLine
                0x008007ca                GSM_BER
                0x008007cb                Tm_Mon
                0x008007cc                MB_BitRate_RAM
                0x008007cd                ScanPerSec
                0x008007cf                GPRS_Protocol_Out
                0x008007d0                GSM_Control
                0x008007d1                DAC_Output
                0x008007d9                CurrentCall
                0x008007da                DigOutput
                0x008007e0                GSM_RxStr
                0x00800844                MB_InReg
                0x008008e4                TWI_Error_Counter
                0x008008e6                AppProtocol
                0x008008e7                CurrLCD
                0x008008e8                MenuStack
                0x00800910                KeyPressedNonFilter
                0x00800911                ADC_Chan
                0x00800912                GSM_RX_FIFOOverFlow
                0x00800913                TrueTime_Sec
                0x00800914                TrueTime_Mon
                0x00800915                TrueTime_Min
                0x00800916                MemFail
                0x00800917                Blink
                0x00800918                GSM_RX_FIFOMax
                0x00800919                Timer1s
                0x0080091a                ADC_Input
                0x00800928                MB_M_Timeout
                0x00800929                MB_TimerFlag
                0x0080092a                ADC_Fail
                0x0080092c                SlaveOff
                0x00800930                GSM_MyIP
                0x00800934                GSM_ReStartN
                0x00800935                MB_CPT
                0x00800945                GPRS_Data_Out
                0x00800a44                Y1
                0x00800a45                MB_Input
                0x00800a49                GSM_TxStr
                0x00800b48                RxBufOverFlow
                0x00800b49                GSM_ClientIP
                0x00800b4d                AnalogInput
                0x00800b5d                TrueTime_WDay
                0x00800b5e                Tm_MDay
                0x00800b5f                GSM_RxCharN
                0x00800b60                MB_HoldReg
                0x00800b68                GSM_TxCharN
                0x00800b69                ADC_Phase
                0x00800b6a                MB_Frame
                0x00800c6a                Timer1hour
                0x00800c6c                ADC_Scale1
                0x00800c72                GSM_MultiCon
                0x00800c73                PROVIDE (__bss_end, .)
                0x000109c8                __data_load_start = LOADADDR (.data)
                0x00010aa2                __data_load_end = (__data_load_start + SIZEOF (.data))

.noinit         0x00800c73        0x0
                0x00800c73                PROVIDE (__noinit_start, .)
 *(.noinit*)
                0x00800c73                PROVIDE (__noinit_end, .)
                0x00800c73                _end = .
                0x00800c73                PROVIDE (__heap_start, .)

.eeprom         0x00810000      0x1a0
 *(.eeprom*)
 .eeprom        0x00810000      0x1a0 vmd2_3.o
                0x00810117                ThermType
                0x00810045                GPRS_currency
                0x00810081                UDP_ServerIP
                0x0081011d                ThermCorr
                0x00810171                calling_retry_delay
                0x008100c5                SMS_Number
                0x00810009                GPRS_apn1
                0x00810091                TCP_ServerIP
                0x00810004                MB_Param
                0x008100b1                TCP_ListenPort
                0x008100ec                CALL_Number
                0x00810113                SMS_On
                0x0081006d                GPRS_apn_psw
                0x00810007                Vega_SN
                0x00810151                calling_delay
                0x00810059                GPRS_apn_user_name
                0x008100b3                TCP_ClientIP
                0x00810031                GPRS_checkballancerequest
                0x00810131                debounceTimeout
                0x008100a1                UDP_ServerPort
                0x008100a9                TCP_ServerPort
                0x00810114                DI_Invers
                0x0081012f                IonThresh
                0x008100c3                TCP_CONNECT_timeout
                0x00810003                SummerTime
                0x0081001d                GPRS_apn2
                0x00810000                DateBackUp
                0x008101a0                __eeprom_end = .

.fuse
 *(.fuse)
 *(.lfuse)
 *(.hfuse)
 *(.efuse)

.lock
 *(.lock*)

.signature
 *(.signature*)

.stab
 *(.stab)

.stabstr
 *(.stabstr)

.stab.excl
 *(.stab.excl)

.stab.exclstr
 *(.stab.exclstr)

.stab.index
 *(.stab.index)

.stab.indexstr
 *(.stab.indexstr)

.comment
 *(.comment)

.debug
 *(.debug)

.line
 *(.line)

.debug_srcinfo
 *(.debug_srcinfo)

.debug_sfnames
 *(.debug_sfnames)

.debug_aranges  0x00000000       0x20
 *(.debug_aranges)
 .debug_aranges
                0x00000000       0x20 vmd2_3.o

.debug_pubnames
                0x00000000     0x30e0
 *(.debug_pubnames)
 .debug_pubnames
                0x00000000     0x30e0 vmd2_3.o

.debug_info     0x00000000     0xfbe8
 *(.debug_info)
 .debug_info    0x00000000     0xfbe8 vmd2_3.o
 *(.gnu.linkonce.wi.*)

.debug_abbrev   0x00000000      0x750
 *(.debug_abbrev)
 .debug_abbrev  0x00000000      0x750 vmd2_3.o

.debug_line     0x00000000     0x8dde
 *(.debug_line)
 .debug_line    0x00000000     0x8dde vmd2_3.o

.debug_frame    0x00000000     0x12f0
 *(.debug_frame)
 .debug_frame   0x00000000     0x12f0 vmd2_3.o

.debug_str      0x00000000     0x392c
 *(.debug_str)
 .debug_str     0x00000000     0x392c vmd2_3.o
                               0x3c8e (size before relaxing)

.debug_loc      0x00000000     0x84aa
 *(.debug_loc)
 .debug_loc     0x00000000     0x84aa vmd2_3.o

.debug_macinfo
 *(.debug_macinfo)
OUTPUT(vmd2_3.elf elf32-avr)
LOAD linker stubs

.debug_ranges   0x00000000     0x1128
 .debug_ranges  0x00000000     0x1128 vmd2_3.o
