Archive member included because of file (symbol)

c:/winavr-20100110/bin/../lib/gcc/avr/4.3.3/../../../../avr/lib/avr6\libprintf_flt.a(vfprintf_flt.o)
                              (vfprintf)
c:/winavr-20100110/bin/../lib/gcc/avr/4.3.3/../../../../avr/lib/avr6\libscanf_flt.a(vfscanf_flt.o)
                              (vfscanf)
c:/winavr-20100110/bin/../lib/gcc/avr/4.3.3/../../../../avr/lib/avr6\libm.a(floatsisf.o)
                              c:/winavr-20100110/bin/../lib/gcc/avr/4.3.3/../../../../avr/lib/avr6\libscanf_flt.a(vfscanf_flt.o) (__floatunsisf)
c:/winavr-20100110/bin/../lib/gcc/avr/4.3.3/../../../../avr/lib/avr6\libm.a(mulsf3.o)
                              c:/winavr-20100110/bin/../lib/gcc/avr/4.3.3/../../../../avr/lib/avr6\libscanf_flt.a(vfscanf_flt.o) (__mulsf3)
c:/winavr-20100110/bin/../lib/gcc/avr/4.3.3/../../../../avr/lib/avr6\libm.a(mulsf3x.o)
                              c:/winavr-20100110/bin/../lib/gcc/avr/4.3.3/../../../../avr/lib/avr6\libm.a(mulsf3.o) (__mulsf3x)
c:/winavr-20100110/bin/../lib/gcc/avr/4.3.3/../../../../avr/lib/avr6\libm.a(fp_inf.o)
                              c:/winavr-20100110/bin/../lib/gcc/avr/4.3.3/../../../../avr/lib/avr6\libm.a(mulsf3x.o) (__fp_inf)
c:/winavr-20100110/bin/../lib/gcc/avr/4.3.3/../../../../avr/lib/avr6\libm.a(fp_nan.o)
                              c:/winavr-20100110/bin/../lib/gcc/avr/4.3.3/../../../../avr/lib/avr6\libm.a(mulsf3x.o) (__fp_nan)
c:/winavr-20100110/bin/../lib/gcc/avr/4.3.3/../../../../avr/lib/avr6\libm.a(fp_pscA.o)
                              c:/winavr-20100110/bin/../lib/gcc/avr/4.3.3/../../../../avr/lib/avr6\libm.a(mulsf3x.o) (__fp_pscA)
c:/winavr-20100110/bin/../lib/gcc/avr/4.3.3/../../../../avr/lib/avr6\libm.a(fp_pscB.o)
                              c:/winavr-20100110/bin/../lib/gcc/avr/4.3.3/../../../../avr/lib/avr6\libm.a(mulsf3x.o) (__fp_pscB)
c:/winavr-20100110/bin/../lib/gcc/avr/4.3.3/../../../../avr/lib/avr6\libm.a(fp_round.o)
                              c:/winavr-20100110/bin/../lib/gcc/avr/4.3.3/../../../../avr/lib/avr6\libm.a(mulsf3.o) (__fp_round)
c:/winavr-20100110/bin/../lib/gcc/avr/4.3.3/../../../../avr/lib/avr6\libm.a(fp_split3.o)
                              c:/winavr-20100110/bin/../lib/gcc/avr/4.3.3/../../../../avr/lib/avr6\libm.a(mulsf3x.o) (__fp_split3)
c:/winavr-20100110/bin/../lib/gcc/avr/4.3.3/../../../../avr/lib/avr6\libm.a(fp_zero.o)
                              c:/winavr-20100110/bin/../lib/gcc/avr/4.3.3/../../../../avr/lib/avr6\libm.a(mulsf3x.o) (__fp_szero)
c:/winavr-20100110/bin/../lib/gcc/avr/4.3.3/../../../../avr/lib/avr6\libc.a(exit.o)
                              c:/winavr-20100110/bin/../lib/gcc/avr/4.3.3/../../../../avr/lib/avr6/crtm2560.o (exit)
c:/winavr-20100110/bin/../lib/gcc/avr/4.3.3/../../../../avr/lib/avr6\libc.a(ftoa_engine.o)
                              c:/winavr-20100110/bin/../lib/gcc/avr/4.3.3/../../../../avr/lib/avr6\libprintf_flt.a(vfprintf_flt.o) (__ftoa_engine)
c:/winavr-20100110/bin/../lib/gcc/avr/4.3.3/../../../../avr/lib/avr6\libc.a(isspace.o)
                              c:/winavr-20100110/bin/../lib/gcc/avr/4.3.3/../../../../avr/lib/avr6\libscanf_flt.a(vfscanf_flt.o) (isspace)
c:/winavr-20100110/bin/../lib/gcc/avr/4.3.3/../../../../avr/lib/avr6\libc.a(tolower.o)
                              c:/winavr-20100110/bin/../lib/gcc/avr/4.3.3/../../../../avr/lib/avr6\libscanf_flt.a(vfscanf_flt.o) (tolower)
c:/winavr-20100110/bin/../lib/gcc/avr/4.3.3/../../../../avr/lib/avr6\libc.a(strchr_P.o)
                              c:/winavr-20100110/bin/../lib/gcc/avr/4.3.3/../../../../avr/lib/avr6\libscanf_flt.a(vfscanf_flt.o) (strchr_P)
c:/winavr-20100110/bin/../lib/gcc/avr/4.3.3/../../../../avr/lib/avr6\libc.a(strcmp_P.o)
                              vmd2_3.o (strcmp_P)
c:/winavr-20100110/bin/../lib/gcc/avr/4.3.3/../../../../avr/lib/avr6\libc.a(strcpy_P.o)
                              vmd2_3.o (strcpy_P)
c:/winavr-20100110/bin/../lib/gcc/avr/4.3.3/../../../../avr/lib/avr6\libc.a(strlen_P.o)
                              vmd2_3.o (strlen_P)
c:/winavr-20100110/bin/../lib/gcc/avr/4.3.3/../../../../avr/lib/avr6\libc.a(strncmp_P.o)
                              vmd2_3.o (strncmp_P)
c:/winavr-20100110/bin/../lib/gcc/avr/4.3.3/../../../../avr/lib/avr6\libc.a(strnlen_P.o)
                              c:/winavr-20100110/bin/../lib/gcc/avr/4.3.3/../../../../avr/lib/avr6\libprintf_flt.a(vfprintf_flt.o) (strnlen_P)
c:/winavr-20100110/bin/../lib/gcc/avr/4.3.3/../../../../avr/lib/avr6\libc.a(strstr_P.o)
                              vmd2_3.o (strstr_P)
c:/winavr-20100110/bin/../lib/gcc/avr/4.3.3/../../../../avr/lib/avr6\libc.a(memcpy.o)
                              vmd2_3.o (memcpy)
c:/winavr-20100110/bin/../lib/gcc/avr/4.3.3/../../../../avr/lib/avr6\libc.a(strchr.o)
                              vmd2_3.o (strchr)
c:/winavr-20100110/bin/../lib/gcc/avr/4.3.3/../../../../avr/lib/avr6\libc.a(strcmp.o)
                              vmd2_3.o (strcmp)
[...]
Memory Configuration

Name             Origin             Length             Attributes
text             0x00000000         0x00100000         xr
data             0x00800200         0x0000fe00         rw !x
eeprom           0x00810000         0x00010000         rw !x
fuse             0x00820000         0x00000400         rw !x
lock             0x00830000         0x00000400         rw !x
signature        0x00840000         0x00000400         rw !x
*default*        0x00000000         0xffffffff

Linker script and memory map

Address of section .data set to 0x800200
LOAD c:/winavr-20100110/bin/../lib/gcc/avr/4.3.3/../../../../avr/lib/avr6/crtm2560.o
LOAD c:/winavr-20100110/bin/../lib/gcc/avr/4.3.3/../../../../avr/lib/avr6\libprintf_flt.a
LOAD c:/winavr-20100110/bin/../lib/gcc/avr/4.3.3/../../../../avr/lib/avr6\libm.a
LOAD c:/winavr-20100110/bin/../lib/gcc/avr/4.3.3/../../../../avr/lib/avr6\libscanf_flt.a
LOAD c:/winavr-20100110/bin/../lib/gcc/avr/4.3.3/../../../../avr/lib/avr6\libm.a
LOAD vmd2_3.o
LOAD c:/winavr-20100110/bin/../lib/gcc/avr/4.3.3/../../../../avr/lib/avr6\libc.a
LOAD c:/winavr-20100110/bin/../lib/gcc/avr/4.3.3/../../../../avr/lib/avr6\libm.a
LOAD c:/winavr-20100110/bin/../lib/gcc/avr/4.3.3/../../../../avr/lib/avr6\libobjc.a
LOAD c:/winavr-20100110/bin/../lib/gcc/avr/4.3.3/../../../../avr/lib/avr6\libprintf_flt.a
LOAD c:/winavr-20100110/bin/../lib/gcc/avr/4.3.3/../../../../avr/lib/avr6\libscanf_flt.a
LOAD c:/winavr-20100110/bin/../lib/gcc/avr/4.3.3/avr6\libgcc.a
LOAD c:/winavr-20100110/bin/../lib/gcc/avr/4.3.3/../../../../avr/lib/avr6\libc.a
LOAD c:/winavr-20100110/bin/../lib/gcc/avr/4.3.3/avr6\libgcc.a

.hash
 *(.hash)

.dynsym
 *(.dynsym)

.dynstr
 *(.dynstr)

.gnu.version
 *(.gnu.version)

.gnu.version_d
 *(.gnu.version_d)

.gnu.version_r
 *(.gnu.version_r)

.rel.init
 *(.rel.init)

.rela.init
 *(.rela.init)

.rel.text
 *(.rel.text)
 *(.rel.text.*)
 *(.rel.gnu.linkonce.t*)

.rela.text
 *(.rela.text)
 *(.rela.text.*)
 *(.rela.gnu.linkonce.t*)

.rel.fini
 *(.rel.fini)

.rela.fini
 *(.rela.fini)

.rel.rodata
 *(.rel.rodata)
 *(.rel.rodata.*)
 *(.rel.gnu.linkonce.r*)

.rela.rodata
 *(.rela.rodata)
 *(.rela.rodata.*)
 *(.rela.gnu.linkonce.r*)

.rel.data
 *(.rel.data)
 *(.rel.data.*)
 *(.rel.gnu.linkonce.d*)

.rela.data
 *(.rela.data)
 *(.rela.data.*)
 *(.rela.gnu.linkonce.d*)

.rel.ctors
 *(.rel.ctors)

.rela.ctors
 *(.rela.ctors)

.rel.dtors
 *(.rel.dtors)

.rela.dtors
 *(.rela.dtors)

.rel.got
 *(.rel.got)

.rela.got
 *(.rela.got)

.rel.bss
 *(.rel.bss)

.rela.bss
 *(.rela.bss)

.rel.plt
 *(.rel.plt)

.rela.plt
 *(.rela.plt)

.text           0x00000000    0x10768
 *(.vectors)
 .vectors       0x00000000       0xe4 c:/winavr-20100110/bin/../lib/gcc/avr/4.3.3/../../../../avr/lib/avr6/crtm2560.o
                0x00000000                __vectors
                0x00000000                __vector_default
 *(.vectors)
 *(.progmem.gcc*)
 .progmem.gcc_sw_table
                0x000000e4      0x1ea vmd2_3.o
 *(.progmem*)
 .progmem.data  0x000002ce        0x8 c:/winavr-20100110/bin/../lib/gcc/avr/4.3.3/../../../../avr/lib/avr6\libprintf_flt.a(vfprintf_flt.o)
 .progmem.data  0x000002d6       0x4d c:/winavr-20100110/bin/../lib/gcc/avr/4.3.3/../../../../avr/lib/avr6\libscanf_flt.a(vfscanf_flt.o)
 .progmem.data  0x00000323     0x2e90 vmd2_3.o
                0x000008f6                TSM100_Str
                0x00000601                ATO
                0x00000f61                MenuGSM_SMS
                0x00000920                RTD_Name_List
                0x00000baa                YN_Tbl
                0x00000c63                MenuGSM_Modem_State
                0x00001b09                F_DI11
                0x0000059b                AT_CIPSERVER
                0x00000ba7                Y_Str
                0x00000c39                GSM_ControlList
                0x000021f7                F_AO1
                0x00000451                RESP_CREC_0
                0x00001a9d                F_DI2
                0x00001504                Menu_BackUp_IField
                0x00002575                F_ThermisA5
                0x00000443                RESP_CSQ
                0x000003a1                URC_CALL_READY
                0x00000449                RESP_SHUT_OK
                0x00001b89                F_DII3
                0x00001c79                F_DII18
                0x00002962                Menu0List
                0x00001693                MsgErr12
                0x00002715                ListTherm4
                0x00001c89                ListDI
                0x00000f71                MenuGSM_VegaSN
                0x00002447                ADC_Tbl
                0x00002895                List_Therm
                0x00002457                F_Therm2
                0x00000e31                MenuGSM_PortUDP4
                0x000009e4                MB0_CPT_15
                0x00001c19                F_DII12
                0x0000132b                Mem_OK_Tbl
                0x000005ab                AT_SERVERCLOSE
                0x00001c59                F_DII16
                0x0000087a                MsgErr21
                0x00002815                ListTherm6
                0x000021e3                MenuAI
                0x000008ec                ThermTbl
                0x0000094a                NoPariStr
                0x00002177                ListAI
                0x00000703                DI_NO_Str
                0x00002525                F_ThermisD6
                0x00002495                F_Thermis3
                0x0000132f                F_Ok_Flash
                0x00000481                AT_E0
                0x00000934                TC_B_Str
                0x000022a3                MenuAO
                0x000009a8                F_MB0_Pari
                0x00000f81                ListGSM
                0x00000e81                MenuGSM_IPTCP2
                0x0000216b                F_AI78
                0x00000ce1                MenuGSM_APN_USER_NAME
                0x0000052d                AT_CGATT
                0x00001ae5                F_DI8
                0x000004c7                AT_CUSD101
                0x0000215f                F_AI56
                0x0000147f                Menu_ConfirmationRest_List
                0x000004a6                AT_CCID
                0x00001b39                F_DI15
                0x0000095e                MBPariTbl
                0x00000c9d                MenuGSM_ClientIP
                0x000006bd                ThermFami
                0x0000046d                AT_AT
                0x00002426                ADC_I1_Str
                0x000003f4                RESP_CONNECT
                0x00000588                AT_CIPSTART_TCP_CLIENT
                0x000003c0                URC_CONNECT
                0x000009b8                F_MB0_Stopbits
                0x00001a91                F_DI1
                0x000022e1                List_ADC_Chan
                0x00002585                F_ThermisA6
                0x000004b9                ATD101
                0x0000237c                F_ADC_Zero
                0x000008dc                Therm_Off_Str
                0x0000093c                TC_L_Str
                0x00001f73                F_DO16
                0x00001aa9                F_DI3
                0x00000940                TC_Name_List
                0x000014ff                NoBackUp_Str
                0x00002451                F_Therm1
                0x00000c85                MenuGSM_GSM_MyIP
                0x00001ec3                F_DO5
                0x000004d3                AT_CMGF
                0x00001819                min10_Str
                0x00001afd                F_DI10
                0x0000091b                Gr23_Str
                0x000024a5                F_Thermis4
                0x00001f23                F_DO11
                0x0000180b                min1_Str
                0x00000866                MenuADC
                0x000017dd                MenuScanCycle
                0x00002595                ListTherm1
                0x000005ef                AT_CGATT_0
                0x00002701                MenuTherm3
                0x00000984                BR_Str28800
                0x00000741                F_ADC_4
                0x00000f01                MenuGSM_IPTCP4
                0x00000732                DO_Cl_Str
                0x000013ff                Menu_ConfirmationSave_List
                0x00000378                GSM_SIMCOM_SIM800C
                0x00000747                F_ADC_5
                0x00000c75                MenuGSM_GSM_Cont
                0x000024f5                F_ThermisD3
                0x00002237                ListAO
                0x0000038b                URC_CFUN
                0x000017f1                F_WT
                0x00001f13                F_DO10
                0x00001b2d                F_DI14
                0x00000990                BR_Str57600
                0x00000e11                MenuGSM_PortUDP2
                0x0000238e                F_ADC_Full
                0x00000c3f                GSM_Not_Recognize_Str
                0x00000dc1                MenuGSM_IPUDP4
                0x00001c39                F_DII14
                0x00001bd9                F_DII8
                0x0000243e                ADC_Re_Str
                0x00000724                DI_Inv_Op_Str
                0x00001f43                F_DO13
                0x00002463                F_Therm4
                0x00000323                DaysMonth
                0x000003c8                URC_RECEIVE
                0x00001be9                F_DII9
                0x00001b79                F_DII2
                0x00001b51                F_DI17
                0x00001ab5                F_DI4
                0x00000c24                GSM_CNTL_AUTO_Str
                0x000008fd                TSM50_Str
                0x00000cbb                MenuGSM_FIFOMax
                0x00000c2b                GSM_CNTL_MANUAL_Str
                0x000014eb                Menu_ConfirmationRestore
                0x00000716                DI_Cl_Str
                0x000017fd                sec10_Str
                0x00002207                F_AO2
                0x000004c2                ATD_PLUS
                0x00000558                AT_CIFSR
                0x00000c32                GSM_CNTL_CONFIG_Str
                0x00002555                F_ThermisA3
                0x00000521                AT_CIPMUX_1
                0x00000c49                GSM_SIMCOM_SIM900R_Str
                0x000009f0                MB0_CPT_26
                0x00002695                ListTherm3
                0x00000538                AT_CIPCSGP
                0x0000097e                BR_Str19200
                0x00000708                DI_OK_Str
                0x000029b3                Menu0
                0x00000c53                GSM_SIMCOM_SIM800_Str
                0x00000414                RESP_SERVER_CLOSE
                0x00000711                DI_Op_Str
                0x00000903                TSP100_Str
                0x00000f51                MenuGSM_TCPTimeout
                0x00001e93                F_DO2
                0x00000575                AT_CIPSTART
                0x0000182a                F_Backlight
                0x0000245d                F_Therm3
                0x00000e21                MenuGSM_PortUDP3
                0x000003fc                RESP_CONNECT_OK
                0x000004ae                AT_IFC
                0x00001c09                F_DII11
                0x00001ea3                F_DO3
                0x00001acd                F_DI6
                0x000004f0                AT_CMGS
                0x000003e6                URC_NO_CARRIER
                0x00002601                MenuTherm1
                0x0000139d                Msg_NoBackUp
                0x00000938                TC_J_Str
                0x00000a74                M_MB0_CPT
                0x00001b45                F_DI16
                0x0000096e                BR_Str4800
                0x00000490                AT_DDET101
                0x00002368                Menu_ADC_Ch
                0x0000040a                RESP_SERVER_OK
                0x00000508                AT_CIPMODE_1
                0x00001ee3                F_DO7
                0x00002475                F_Thermis1
                0x00002801                MenuTherm5
                0x00001850                ListSyst
                0x00000470                AT_IPR9600
                0x00000916                Gr21_Str
                0x0000036a                GSM_SIMCOM_SIM800
                0x00000b0f                MenuModbus0
                0x0000071f                DI_Inv_Cl_Str
                0x00000973                BR_Str9600
                0x00000969                BR_Str2400
                0x00001f63                F_DO15
                0x000022c3                F_ADC34
                0x00000561                AT_CIPTKA
                0x0000246f                F_Therm6
                0x00002432                ADC_C1_Str
                0x000009c8                F_MB0_Baud
                0x00001335                F_Ok_EEPROM
                0x00000437                RESP_CLOSE_OK_FAST
                0x00000421                RESP_Invitation
                0x00001c69                F_DII17
                0x0000042e                RESP_CLOSE_OK
                0x00000964                BR_Str1200
                0x00000ba3                N_Str
                0x0000049e                AT_CGMM
                0x00000ec1                MenuGSM_IPTCP3
                0x000006f7                Fail_Str
                0x00000bae                F_SummerTime
                0x00000cd1                MenuGSM_APN2
                0x00001af1                F_DI9
                0x00002615                ListTherm2
                0x00001ad9                F_DI7
                0x000024d5                F_ThermisD1
                0x00000d01                MenuGSM_IPUDP1
                0x00001f03                F_DO9
                0x00001317                MenuGSM
                0x00000737                DO_Tbl
                0x000009fc                MB0_CPT_37
                0x0000045a                ESC_SEQ
                0x000022cf                F_ADC56
                0x000004fb                AT_CIPMODE_0
                0x00001804                sec30_Str
                0x00001b15                F_DI12
                0x000022db                F_ADC_Ref
                0x00000d81                MenuGSM_IPUDP3
                0x00000c6f                MenuGSM_State
                0x00001a1b                MenuSyst
                0x00001f53                F_DO14
                0x0000133b                Msg_EEWarning
                0x00002545                F_ThermisA2
                0x000008e4                ADC_Off_Str
                0x00001582                Menu_BackUp
                0x00001502                BackUp_Tbl
                0x00001b99                F_DII4
                0x0000294b                MB_Master_List
                0x00001ba9                F_DII5
                0x000008f0                ThermOff_Str
                0x000006ae                Digits_P
                0x0000294e                MenuModem
                0x00000978                BR_Str14400
                0x00001b21                F_DI13
                0x00000423                RESP_SEND_OK
                0x000022b7                F_ADC12
                0x00000996                BaudTbl
                0x00000e01                MenuGSM_PortUDP1
                0x00001e83                F_DO1
                0x00001bc9                F_DII7
                0x000024c5                F_Thermis6
                0x0000175f                F_ScanCycle
                0x000007df                List_ADC
                0x00002795                ListTherm5
                0x000003ac                URC_SMS_READY
                0x00002217                F_AO3
                0x000005fa                AT_CSQ
                0x00002565                F_ThermisA4
                0x00002469                F_Therm5
                0x0000045e                IDENTIFICATION
                0x00001820                BCKLT_Tbl
                0x00000955                OddPariStr
                0x00001bf9                F_DII10
                0x00000910                Pt100_Str
                0x00001631                MsgErr11
                0x00000cf1                MenuGSM_APN_PASSWORD
                0x000007d3                F_ADC_2
                0x0000184a                F_Menu_EMICounter
                0x00002515                F_ThermisD5
                0x00001812                min3_Str
                0x0000094e                EvenPariStr
                0x00001e6f                MenuDI
                0x00000e41                MenuGSM_IPTCP1
                0x000005c6                AT_CIPCLOSE_1
                0x0000090a                TSP50_Str
                0x000005e4                AT_CIPSHUT
                0x000024e5                F_ThermisD2
                0x00002485                F_Thermis2
                0x00001ef3                F_DO8
                0x0000047c                AT_W
                0x00001f83                ListDO
                0x000006e3                TermocLim
                0x00000547                AT_CSTT
                0x000005ba                AT_CIPSEND
                0x00000729                DI_Inv_Tbl
                0x00002937                MenuTherm
                0x00000c5d                GSM_ModemList
                0x00002420                ADC_Rt_Str
                0x00002147                F_AI12
                0x00000387                URC_RDY
                0x0000070d                DI_Sta_Tbl
                0x0000146b                Menu_ConfirmationSave
                0x00000a88                L_MB0
                0x00000bbe                F_WDay
                0x0000240c                Menu_ADC_Cali
                0x00001771                ListScanCycle
                0x00000cb5                MenuGSM_ActiveCon
                0x0000035b                GSM_SIMCOM_SIM900R
                0x000003d2                URC_CLOSED
                0x000003db                URC_PDPDEACT
                0x00002681                MenuTherm2
                0x00001596                ListMem
                0x000003b6                URC_REMOTE_IP
                0x00001c49                F_DII15
                0x00002133                MenuDO
                0x00002443                ADC_Of_Str
                0x00002505                F_ThermisD4
                0x00001765                F_ScanCyclePerSec
                0x00002881                MenuTherm6
                0x00001f33                F_DO12
                0x000024b5                F_Thermis5
                0x00000bc4                F_DateTime
                0x00000f41                MenuGSM_TCPPort
                0x000009d8                MB0_CPT_04
                0x00001757                MsgErrMemo
                0x00000515                AT_CIPMUX_0
                0x0000176b                F_MaxScanCycle
                0x00002781                MenuTherm4
                0x0000098a                BR_Str38400
                0x0000072d                DO_Op_Str
                0x00000930                TC_K_Str
                0x00002535                F_ThermisA1
                0x0000074d                List_ADC_Err
                0x00000b8f                MenuModbus
                0x0000183a                F_IonT
                0x000006fd                Norm_Str
                0x000007cd                F_ADC_1
                0x000007b9                Menu_ADC_Err
                0x000023a0                List_ADC_Cali
                0x00000394                URC_CPIN_READY
                0x000004dd                AT_CSMP
                0x00001516                Menu_BackUp_List
                0x0000054f                AT_CIICR
                0x00000330                Modbus_Map
                0x00001c29                F_DII13
                0x000003f1                RESP_OK
                0x00000cc1                MenuGSM_APN1
                0x00000486                AT_CLCC1
                0x00001ac1                F_DI5
                0x0000161d                MenuMem
                0x0000073b                F_ADC_3
                0x000016f5                MsgErr13
                0x00001b5d                F_DI18
                0x00002227                F_AO4
                0x00002153                F_AI34
                0x00001eb3                F_DO4
                0x00000340                BR_Tbl
                0x0000071b                DI_Tbl
                0x00000a08                List_MB0_CPT
                0x00000b23                List_Modbus
                0x000005d6                AT_CIPCLOSE
                0x000006c3                TermisLim
                0x00000605                Symbols_P
                0x00000d41                MenuGSM_IPUDP2
                0x000006a3                OnlyDigits_P
                0x00001a2f                MsgErr41
                0x00001ed3                F_DO6
                0x00001bb9                F_DII6
                0x00001b69                F_DII1
 .progmem.data  0x000031b3       0xfa c:/winavr-20100110/bin/../lib/gcc/avr/4.3.3/../../../../avr/lib/avr6\libc.a(ftoa_engine.o)
                0x000032ae                . = ALIGN (0x2)
 *fill*         0x000032ad        0x1 00
                0x000032ae                __trampolines_start = .
 *(.trampolines)
 .trampolines   0x000032ae        0x0 linker stubs
 *(.trampolines*)
                0x000032ae                __trampolines_end = .
 *(.jumptables)
 *(.jumptables*)
 *(.lowtext)
 *(.lowtext*)
                0x000032ae                __ctors_start = .
 *(.ctors)
                0x000032ae                __ctors_end = .
                0x000032ae                __dtors_start = .
 *(.dtors)
                0x000032ae                __dtors_end = .
 SORT(*)(.ctors)
 SORT(*)(.dtors)
 *(.init0)
 .init0         0x000032ae        0x0 c:/winavr-20100110/bin/../lib/gcc/avr/4.3.3/../../../../avr/lib/avr6/crtm2560.o
                0x000032ae                __init
 *(.init0)
 *(.init1)
 *(.init1)
 *(.init2)
 .init2         0x000032ae       0x10 c:/winavr-20100110/bin/../lib/gcc/avr/4.3.3/../../../../avr/lib/avr6/crtm2560.o
 *(.init2)
 *(.init3)
 *(.init3)
 *(.init4)
 .init4         0x000032be       0x1a c:/winavr-20100110/bin/../lib/gcc/avr/4.3.3/../../../../avr/lib/avr6/crtm2560.o
                0x000032be                __do_copy_data
 .init4         0x000032d8       0x10 c:/winavr-20100110/bin/../lib/gcc/avr/4.3.3/avr6\libgcc.a(_clear_bss.o)
                0x000032d8                __do_clear_bss
 *(.init4)
 *(.init5)
 *(.init5)
 *(.init6)
 *(.init6)
 *(.init7)
 *(.init7)
 *(.init8)
 *(.init8)
 *(.init9)
 .init9         0x000032e8        0x8 c:/winavr-20100110/bin/../lib/gcc/avr/4.3.3/../../../../avr/lib/avr6/crtm2560.o
 *(.init9)
 *(.text)
 .text          0x000032f0        0x4 c:/winavr-20100110/bin/../lib/gcc/avr/4.3.3/../../../../avr/lib/avr6/crtm2560.o
                0x000032f0                __vector_22
                0x000032f0                __vector_28
                0x000032f0                __vector_1
                0x000032f0                __vector_32
                0x000032f0                __vector_34
                0x000032f0                __vector_24
                0x000032f0                __vector_12
                0x000032f0                __vector_55
                0x000032f0                __vector_46
                0x000032f0                __bad_interrupt
                0x000032f0                __vector_6
                0x000032f0                __vector_31
                0x000032f0                __vector_35
                0x000032f0                __vector_39
                0x000032f0                __vector_3
                0x000032f0                __vector_23
                0x000032f0                __vector_30
                0x000032f0                __vector_45
                0x000032f0                __vector_11
                0x000032f0                __vector_54
                0x000032f0                __vector_19
                0x000032f0                __vector_56
                0x000032f0                __vector_7
                0x000032f0                __vector_49
                0x000032f0                __vector_41
                0x000032f0                __vector_43
                0x000032f0                __vector_5
                0x000032f0                __vector_33
                0x000032f0                __vector_47
                0x000032f0                __vector_4
                0x000032f0                __vector_44
                0x000032f0                __vector_9
                0x000032f0                __vector_2
                0x000032f0                __vector_15
                0x000032f0                __vector_29
                0x000032f0                __vector_40
                0x000032f0                __vector_8
                0x000032f0                __vector_48
                0x000032f0                __vector_14
                0x000032f0                __vector_10
                0x000032f0                __vector_50
                0x000032f0                __vector_16
                0x000032f0                __vector_20
 .text          0x000032f4        0x0 c:/winavr-20100110/bin/../lib/gcc/avr/4.3.3/../../../../avr/lib/avr6\libprintf_flt.a(vfprintf_flt.o)
 .text          0x000032f4        0x0 c:/winavr-20100110/bin/../lib/gcc/avr/4.3.3/../../../../avr/lib/avr6\libscanf_flt.a(vfscanf_flt.o)
 .text          0x000032f4        0x0 c:/winavr-20100110/bin/../lib/gcc/avr/4.3.3/../../../../avr/lib/avr6\libm.a(floatsisf.o)
 .text          0x000032f4        0x0 c:/winavr-20100110/bin/../lib/gcc/avr/4.3.3/../../../../avr/lib/avr6\libm.a(mulsf3.o)
 .text          0x000032f4        0x0 c:/winavr-20100110/bin/../lib/gcc/avr/4.3.3/../../../../avr/lib/avr6\libm.a(mulsf3x.o)
 .text          0x000032f4        0x0 c:/winavr-20100110/bin/../lib/gcc/avr/4.3.3/../../../../avr/lib/avr6\libm.a(fp_inf.o)
 .text          0x000032f4        0x0 c:/winavr-20100110/bin/../lib/gcc/avr/4.3.3/../../../../avr/lib/avr6\libm.a(fp_nan.o)
 .text          0x000032f4        0x0 c:/winavr-20100110/bin/../lib/gcc/avr/4.3.3/../../../../avr/lib/avr6\libm.a(fp_pscA.o)
 .text          0x000032f4        0x0 c:/winavr-20100110/bin/../lib/gcc/avr/4.3.3/../../../../avr/lib/avr6\libm.a(fp_pscB.o)
 .text          0x000032f4        0x0 c:/winavr-20100110/bin/../lib/gcc/avr/4.3.3/../../../../avr/lib/avr6\libm.a(fp_round.o)
 .text          0x000032f4        0x0 c:/winavr-20100110/bin/../lib/gcc/avr/4.3.3/../../../../avr/lib/avr6\libm.a(fp_split3.o)
 .text          0x000032f4        0x0 c:/winavr-20100110/bin/../lib/gcc/avr/4.3.3/../../../../avr/lib/avr6\libm.a(fp_zero.o)
 .text          0x000032f4     0xb8cc vmd2_3.o
                0x000075fc                __vector_38
                0x000070ae                IP_compare_Const
                0x00004a02                RTC_GetTrueTime
                0x00007df6                DigitOut
                0x00005eaa                MB_Slave_Off
                0x000080de                ApplCycle
                0x0000489a                SetDateTime
                0x0000eb4a                EEMEMBackUpOk
                0x00009664                analize_DTMF
                0x0000366a                StartTimer16
                0x000056da                MB_FrameReg
                0x00003562                Timer16SysAlloc
                0x0000790a                InitBufStr
                0x000037ea                StopTimer16
                0x00003ce0                MB_LED2
                0x0000940e                PutVal
                0x00007c52                DI_Status
                0x00007de2                DO_Disable
                0x00007bec                MenuEsc
                0x00007482                GSM_TX
                0x00004246                Log10
                0x00009b9a                erbl
                0x000070da                GSM_StartCalling
                0x0000b568                MenuDown
                0x000042ac                DecodBCD
                0x00008016                ThermExt
                0x00003e04                ADC_In
                0x00007ebe                AI_Init
                0x0000742a                GSM_SendFirstChar
                0x0000377e                StopTimer8_ISR
                0x0000989c                ewb
                0x00003570                Timer32SysAlloc
                0x00007bee                DI_State
                0x00006ee2                MB_Master_MaxCycle_Clear
                0x00008910                Put_zDVal
                0x00003cc8                RS485_0
                0x00003cee                PWM_Init
                0x00008164                GSM_AddHeaderSendData
                0x0000e1d4                SetBAUD
                0x00008470                Put_bVal
                0x00009922                eww
                0x00007cd4                DO_State
                0x00006ef4                MB_M_Cycle
                0x000073e6                GSM_Wait_Char
                0x00009870                Key_Mem
                0x00003c36                TimeCycle
                0x0000333e                CRC_Seed
                0x0000a57a                MenuEscLeft
                0x00004704                TWI_Error
                0x000039f2                ResetTimer8
                0x00008b52                Put_sDVal
                0x0000b61e                MenuUp
                0x000086ba                Put_TextValAlignRight
                0x000050dc                StartTimer0
                0x0000e0ae                USART_Cycle
                0x00007d08                DO_Front
                0x0000704c                MB_Cycle
                0x00003494                WdtOn
                0x000096ea                DigiFilt
                0x00008018                Therm_ADC_Off
                0x00004c30                GSM_CTS_State
                0x00004c46                LED_Init
                0x00003ce2                MB_LED_Err_On_0
                0x0000963e                GSM_Execute_Command
                0x000053c8                MB_Transm
                0x00008866                Put_FFVal
                0x0000795a                GotoMenu
                0x00006bbc                MB_M_Tx
                0x00003cec                MB_LED_Err_Off_2
                0x00003478                InterruInit
                0x00007dc2                SetAllDigOut
                0x00007c76                DI_Init
                0x00003ce8                MB_LED_Err_Off_1
                0x00005686                SetCRC_MB
                0x0000e0b8                IP_E_compare_Const
                0x00004c02                GSM_PWRCNTRL_OFF
                0x00008274                Put_sbVal
                0x000074ac                __vector_25
                0x00006bd4                Modbus_TX
                0x000039ae                ResetTimer8_ISR
                0x000077ba                KeypadIn
                0x0000485e                SetMDay
                0x000073a6                GSM_RX
                0x0000810a                Menu_ConfirmationSave_Enter
                0x00003ad2                GetTimer8_ISR
                0x00004872                SetMon
                0x00003ce6                MB_LED_Err_On_1
                0x00005590                CommErr
                0x000044b8                PGM_uBrokLine
                0x000079ea                HideMsg
                0x00009f0a                ThermInit
                0x000034d8                Timer32Alloc
                0x00006592                MB_M_Timer_ISR
                0x00004a94                RTC_Check
                0x0000e658                TWI_In
                0x000070ea                InitFIFO
                0x00003546                Timer8_ISR_SysAlloc
                0x00007102                GetByteFromFIFO
                0x000081f8                GetMultiSymbol
                0x00007d9a                TogDigOut
                0x00004c84                LED_Toggle
                0x0000347c                IntOff
                0x000090cc                Put_zVal
                0x00004c22                GSM_CTS_RTS_Config
                0x00005246                __vector_13
                0x0000be86                MenuOut
                0x00009954                OnTimeSave
                0x0000709e                SetIP
                0x00003b8e                __vector_17
                0x00003a80                ResetTimer32
                0x0000e272                Key_MB0_BitRate
                0x00007452                GSM_DRE
                0x00003942                Timer32Stopp
                0x000098c8                MB_M_Try_Set
                0x00003b10                GetTimer32
                0x00009d98                ThermChanWrong
                0x0000804e                ThermWrong
                0x00009f8e                DigitIn
                0x00003cd2                RS485_1
                0x0000e3c4                USART_Init
                0x000096d4                GSM_Wait_Response
                0x00007794                KeypadInit
                0x00003516                Timer16AppAlloc
                0x000034ae                Timer8_ISR_Alloc
                0x000072fa                GSM_Init
                0x00008144                GSM_SendData
                0x00004822                SetSec
                0x00004c3e                GSM_RTS_ON
                0x0000e27a                SetParity
                0x00009ba0                erd
                0x00003cbe                MB_PLC_Init
                0x00009ba6                erw
                0x0000729c                ForceEndStringFromFIFO
                0x0000352e                Timer32AppAlloc
                0x00004c12                GSM_PWRCNTRL_ON
                0x00004bf2                GSM_PWRCNTRL_Config
                0x00007500                __vector_27
                0x000032f4                rrb
                0x00009dd2                ThermChan
                0x000050b6                LCDBackLightControl
                0x00007ee0                AnalogIn
                0x00007234                GetStringFromFIFOwithOverflowDetect
                0x000050f0                StartTimer2
                0x000047ca                SetWeekday
                0x00003d2c                PWM_Out
                0x000074a6                GSM_GotoNextVega
                0x00007a8e                GetCurrFieldSize
                0x000034e6                Timer8_ISR_AppAlloc
                0x00007bea                MenuEnter
                0x00008602                Put_TextValAlignLeft
                0x00004836                SetMin
                0x00003820                StopTimer32
                0x000080dc                ApplInit
                0x00009d08                MemCheck
                0x00003c7a                Delay_ms
                0x000032fa                prb
                0x000076a4                __vector_52
                0x00007650                __vector_37
                0x00005738                MB_S_Timer_ISR
                0x0000357e                StartTimer8_ISR
                0x00003b3e                TimerAllocError
                0x00009972                TimersInc
                0x0000330a                prd
                0x000080e0                StartKey
                0x0000e46c                LCD_Init
                0x0000e9de                main
                0x000046cc                TWI_Init
                0x000080a6                Key_MB0_CPT_Clear
                0x00009b86                ewbl
                0x000072c0                GetDataFromFIFO
                0x00005496                Modbus_RX
                0x0000e430                LCDBackLightInit
                0x000095e2                GSM_SendCR
                0x000098a6                MB_M_TimeOff_Set
                0x00007e94                DO_Init
                0x0000456e                InterBrokLine
                0x000043bc                uLineFunc
                0x00007be6                MenuRight
                0x00003c74                MaxScanCycle_Clear
                0x000038e2                Timer16Stopp
                0x000080cc                Key_MaxScanCycle_Clear
                0x00005708                MB_CPT_Clear
                0x00003cde                MB_LED1
                0x000074a4                GSM_Reset
                0x00007744                __vector_51
                0x00009246                Put_sVal
                0x00004a3c                RTC_SetTrueTime
                0x0000990c                Set_MB_Addr
                0x00007f4e                Thermode
                0x0000e3ce                LCDBackLightStartTimer
                0x000041de                Pow10
                0x00007d70                ResDigOut
                0x0000e90e                TimeInit
                0x000049f2                RTC_Ready
                0x000034bc                Timer8Alloc
                0x00003a36                ResetTimer16
                0x000051e2                __vector_21
                0x000035f4                StartTimer8
                0x00009d6e                MemCheckMsg
                0x000075a8                __vector_36
                0x00004d44                LCD_Rdy
                0x00003334                prp
                0x0000332e                prc
                0x00003300                prw
                0x0000331a                prb_f
                0x000034fe                Timer8AppAlloc
                0x00004c70                LED_Off
                0x000098ea                MB_M_Timeout_Set
                0x0000e1b4                MB_S_Init
                0x000042c0                LineFunc
                0x00007d48                SetDigOut
                0x00003ade                GetTimer8
                0x00004d70                LCD_Out
                0x00007be8                MenuLeft
                0x00003cdc                MB_LED0
                0x00009588                GSM_Wait_Response_P
                0x000037b4                StopTimer8
                0x00007554                __vector_26
                0x00004c36                GSM_RTS_OFF
                0x00003856                Timer8Stopp_ISR
                0x0000509a                LCDBackLightOff
                0x000071d6                GetStringFromFIFO
                0x0000e5ce                RTC_Summer_Time
                0x0000e368                MB_Init
                0x00004292                CodBCD
                0x00003554                Timer8SysAlloc
                0x000033da                CRC
                0x0000420c                PowL10
                0x0000c36a                GSM_Cycle
                0x00003cea                MB_LED_Err_On_2
                0x00008184                PresicionHanler
                0x00005e92                MB_S_Tx
                0x00008772                Put_GFVal
                0x000034ca                Timer16Alloc
                0x0000389c                Timer8Stopp
                0x0000eb7c                Menu_BackUp_Enter
                0x00008212                PutEnum
                0x00007c12                DI_Front
                0x00009b90                ewd
                0x0000e112                MB_M_Init
                0x00003aea                GetTimer16
                0x00009852                MemFailReset
                0x0000e360                Key_MB0_Parity
                0x0000484a                SetHour
                0x000076f4                __vector_53
                0x0000e9aa                MemCheckInit
                0x00006d7c                MB_SingleRun
                0x00004c5c                LED_On
                0x00007a30                MenuInit
                0x00003c8e                Delay_us
                0x0000aeca                MenuEnterRight
                0x00004156                SPI_Init
                0x00009d92                erb
                0x00009bac                EE_InterBrokLine
                0x00007dce                DO_Enable
                0x00004de0                __vector_18
                0x000074aa                GPRS_ServerAddr_Save
                0x00007a0e                ShowMsg
                0x0000507e                LCDBackLightOn
                0x00004886                SetYear
                0x000036e8                StartTimer32
                0x000080f4                Menu_ConfirmationRest_Enter
                0x000080f2                StopKey
                0x00003b76                ScanCycleInit
                0x00005108                StartTimer4
                0x000052ae                __vector_42
                0x0000992c                MB_M_Period_Set
                0x00003ce4                MB_LED_Err_Off_0
                0x0000c324                strcpy_EE
                0x00008fe6                Put_zVal_h
                0x000080c4                ResetGSMState
                0x00008da4                PutDVal
                0x00003488                IntOn
 .text          0x0000ebc0        0x0 c:/winavr-20100110/bin/../lib/gcc/avr/4.3.3/../../../../avr/lib/avr6\libc.a(exit.o)
 .text          0x0000ebc0        0x0 c:/winavr-20100110/bin/../lib/gcc/avr/4.3.3/../../../../avr/lib/avr6\libc.a(ftoa_engine.o)
 .text          0x0000ebc0        0x0 c:/winavr-20100110/bin/../lib/gcc/avr/4.3.3/../../../../avr/lib/avr6\libc.a(isspace.o)
 .text          0x0000ebc0        0x0 c:/winavr-20100110/bin/../lib/gcc/avr/4.3.3/../../../../avr/lib/avr6\libc.a(tolower.o)
 .text          0x0000ebc0        0x0 c:/winavr-20100110/bin/../lib/gcc/avr/4.3.3/../../../../avr/lib/avr6\libc.a(strchr_P.o)
 .text          0x0000ebc0        0x0 c:/winavr-20100110/bin/../lib/gcc/avr/4.3.3/../../../../avr/lib/avr6\libc.a(strcmp_P.o)
 .text          0x0000ebc0        0x0 c:/winavr-20100110/bin/../lib/gcc/avr/4.3.3/../../../../avr/lib/avr6\libc.a(strcpy_P.o)
 .text          0x0000ebc0        0x0 c:/winavr-20100110/bin/../lib/gcc/avr/4.3.3/../../../../avr/lib/avr6\libc.a(strlen_P.o)
 .text          0x0000ebc0        0x0 c:/winavr-20100110/bin/../lib/gcc/avr/4.3.3/../../../../avr/lib/avr6\libc.a(strncmp_P.o)
 .text          0x0000ebc0        0x0 c:/winavr-20100110/bin/../lib/gcc/avr/4.3.3/../../../../avr/lib/avr6\libc.a(strnlen_P.o)
 .text          0x0000ebc0        0x0 c:/winavr-20100110/bin/../lib/gcc/avr/4.3.3/../../../../avr/lib/avr6\libc.a(strstr_P.o)
 .text          0x0000ebc0        0x0 c:/winavr-20100110/bin/../lib/gcc/avr/4.3.3/../../../../avr/lib/avr6\libc.a(memcpy.o)
 .text          0x0000ebc0        0x0 c:/winavr-20100110/bin/../lib/gcc/avr/4.3.3/../../../../avr/lib/avr6\libc.a(strchr.o)
 .text          0x0000ebc0        0x0 c:/winavr-20100110/bin/../lib/gcc/avr/4.3.3/../../../../avr/lib/avr6\libc.a(strcmp.o)
 .text          0x0000ebc0        0x0 c:/winavr-20100110/bin/../lib/gcc/avr/4.3.3/../../../../avr/lib/avr6\libc.a(strnlen.o)
 .text          0x0000ebc0        0x0 c:/winavr-20100110/bin/../lib/gcc/avr/4.3.3/../../../../avr/lib/avr6\libc.a(strstr.o)
 .text          0x0000ebc0        0x0 c:/winavr-20100110/bin/../lib/gcc/avr/4.3.3/../../../../avr/lib/avr6\libc.a(fgetc.o)
 .text          0x0000ebc0        0x0 c:/winavr-20100110/bin/../lib/gcc/avr/4.3.3/../../../../avr/lib/avr6\libc.a(fputc.o)
 .text          0x0000ebc0        0x0 c:/winavr-20100110/bin/../lib/gcc/avr/4.3.3/../../../../avr/lib/avr6\libc.a(sprintf.o)
 .text          0x0000ebc0        0x0 c:/winavr-20100110/bin/../lib/gcc/avr/4.3.3/../../../../avr/lib/avr6\libc.a(sprintf_p.o)
 .text          0x0000ebc0        0x0 c:/winavr-20100110/bin/../lib/gcc/avr/4.3.3/../../../../avr/lib/avr6\libc.a(sscanf.o)
 .text          0x0000ebc0        0x0 c:/winavr-20100110/bin/../lib/gcc/avr/4.3.3/../../../../avr/lib/avr6\libc.a(sscanf_p.o)
 .text          0x0000ebc0        0x0 c:/winavr-20100110/bin/../lib/gcc/avr/4.3.3/../../../../avr/lib/avr6\libc.a(ungetc.o)
 .text          0x0000ebc0        0x0 c:/winavr-20100110/bin/../lib/gcc/avr/4.3.3/../../../../avr/lib/avr6\libc.a(ultoa_invert.o)
 .text          0x0000ebc0        0x0 c:/winavr-20100110/bin/../lib/gcc/avr/4.3.3/../../../../avr/lib/avr6\libc.a(addsf3.o)
 .text          0x0000ebc0        0x0 c:/winavr-20100110/bin/../lib/gcc/avr/4.3.3/../../../../avr/lib/avr6\libc.a(addsf3x.o)
 .text          0x0000ebc0        0x0 c:/winavr-20100110/bin/../lib/gcc/avr/4.3.3/../../../../avr/lib/avr6\libc.a(divsf3.o)
 .text          0x0000ebc0        0x0 c:/winavr-20100110/bin/../lib/gcc/avr/4.3.3/../../../../avr/lib/avr6\libc.a(divsf3x.o)
 .text          0x0000ebc0        0x0 c:/winavr-20100110/bin/../lib/gcc/avr/4.3.3/../../../../avr/lib/avr6\libc.a(fixsfsi.o)
 .text          0x0000ebc0        0x0 c:/winavr-20100110/bin/../lib/gcc/avr/4.3.3/../../../../avr/lib/avr6\libc.a(fixunssfsi.o)
 .text          0x0000ebc0        0x0 c:/winavr-20100110/bin/../lib/gcc/avr/4.3.3/../../../../avr/lib/avr6\libc.a(eerd_block_atmega2560.o)
 .text          0x0000ebc0        0x0 c:/winavr-20100110/bin/../lib/gcc/avr/4.3.3/../../../../avr/lib/avr6\libc.a(eerd_byte_atmega2560.o)
 .text          0x0000ebc0        0x0 c:/winavr-20100110/bin/../lib/gcc/avr/4.3.3/../../../../avr/lib/avr6\libc.a(eerd_dword_atmega2560.o)
 .text          0x0000ebc0        0x0 c:/winavr-20100110/bin/../lib/gcc/avr/4.3.3/../../../../avr/lib/avr6\libc.a(eerd_word_atmega2560.o)
 .text          0x0000ebc0        0x0 c:/winavr-20100110/bin/../lib/gcc/avr/4.3.3/../../../../avr/lib/avr6\libc.a(eewr_block_atmega2560.o)
 .text          0x0000ebc0        0x0 c:/winavr-20100110/bin/../lib/gcc/avr/4.3.3/../../../../avr/lib/avr6\libc.a(eewr_byte_atmega2560.o)
 .text          0x0000ebc0        0x0 c:/winavr-20100110/bin/../lib/gcc/avr/4.3.3/../../../../avr/lib/avr6\libc.a(eewr_dword_atmega2560.o)
 .text          0x0000ebc0        0x0 c:/winavr-20100110/bin/../lib/gcc/avr/4.3.3/../../../../avr/lib/avr6\libc.a(eewr_word_atmega2560.o)
 .text          0x0000ebc0        0x0 c:/winavr-20100110/bin/../lib/gcc/avr/4.3.3/../../../../avr/lib/avr6\libc.a(cty_isfalse.o)
 .text          0x0000ebc0        0x0 c:/winavr-20100110/bin/../lib/gcc/avr/4.3.3/avr6\libgcc.a(_mulsi3.o)
 .text          0x0000ebc0        0x0 c:/winavr-20100110/bin/../lib/gcc/avr/4.3.3/avr6\libgcc.a(_udivmodqi4.o)
 .text          0x0000ebc0        0x0 c:/winavr-20100110/bin/../lib/gcc/avr/4.3.3/avr6\libgcc.a(_udivmodhi4.o)
 .text          0x0000ebc0        0x0 c:/winavr-20100110/bin/../lib/gcc/avr/4.3.3/avr6\libgcc.a(_divmodhi4.o)
 .text          0x0000ebc0        0x0 c:/winavr-20100110/bin/../lib/gcc/avr/4.3.3/avr6\libgcc.a(_udivmodsi4.o)
 .text          0x0000ebc0        0x0 c:/winavr-20100110/bin/../lib/gcc/avr/4.3.3/avr6\libgcc.a(_divmodsi4.o)
 .text          0x0000ebc0        0x0 c:/winavr-20100110/bin/../lib/gcc/avr/4.3.3/avr6\libgcc.a(_exit.o)
 .text          0x0000ebc0        0x0 c:/winavr-20100110/bin/../lib/gcc/avr/4.3.3/avr6\libgcc.a(_clear_bss.o)
                0x0000ebc0                . = ALIGN (0x2)
 *(.text.*)
 .text.avr-libc
                0x0000ebc0      0x760 c:/winavr-20100110/bin/../lib/gcc/avr/4.3.3/../../../../avr/lib/avr6\libprintf_flt.a(vfprintf_flt.o)
                0x0000ebc0                vfprintf
 .text.avr-libc
                0x0000f320      0x88c c:/winavr-20100110/bin/../lib/gcc/avr/4.3.3/../../../../avr/lib/avr6\libscanf_flt.a(vfscanf_flt.o)
                0x0000f92e                vfscanf
 .text.avr-libc.fplib
                0x0000fbac       0x7a c:/winavr-20100110/bin/../lib/gcc/avr/4.3.3/../../../../avr/lib/avr6\libm.a(floatsisf.o)
                0x0000fbb0                __floatsisf
                0x0000fbac                __floatunsisf
 .text.avr-libc.fplib
                0x0000fc26        0x4 c:/winavr-20100110/bin/../lib/gcc/avr/4.3.3/../../../../avr/lib/avr6\libm.a(mulsf3.o)
                0x0000fc26                __mulsf3
 .text.avr-libc.fplib
                0x0000fc2a       0xc2 c:/winavr-20100110/bin/../lib/gcc/avr/4.3.3/../../../../avr/lib/avr6\libm.a(mulsf3x.o)
                0x0000fc42                __mulsf3_pse
                0x0000fc3e                __mulsf3x
 .text.avr-libc.fplib
                0x0000fcec        0xc c:/winavr-20100110/bin/../lib/gcc/avr/4.3.3/../../../../avr/lib/avr6\libm.a(fp_inf.o)
                0x0000fcec                __fp_inf
 .text.avr-libc.fplib
                0x0000fcf8        0x6 c:/winavr-20100110/bin/../lib/gcc/avr/4.3.3/../../../../avr/lib/avr6\libm.a(fp_nan.o)
                0x0000fcf8                __fp_nan
 .text.avr-libc.fplib
                0x0000fcfe        0xe c:/winavr-20100110/bin/../lib/gcc/avr/4.3.3/../../../../avr/lib/avr6\libm.a(fp_pscA.o)
                0x0000fcfe                __fp_pscA
 .text.avr-libc.fplib
                0x0000fd0c        0xe c:/winavr-20100110/bin/../lib/gcc/avr/4.3.3/../../../../avr/lib/avr6\libm.a(fp_pscB.o)
                0x0000fd0c                __fp_pscB
 .text.avr-libc.fplib
                0x0000fd1a       0x22 c:/winavr-20100110/bin/../lib/gcc/avr/4.3.3/../../../../avr/lib/avr6\libm.a(fp_round.o)
                0x0000fd1a                __fp_round
 .text.avr-libc.fplib
                0x0000fd3c       0x44 c:/winavr-20100110/bin/../lib/gcc/avr/4.3.3/../../../../avr/lib/avr6\libm.a(fp_split3.o)
                0x0000fd3c                __fp_split3
                0x0000fd4c                __fp_splitA
 .text.avr-libc.fplib
                0x0000fd80        0xe c:/winavr-20100110/bin/../lib/gcc/avr/4.3.3/../../../../avr/lib/avr6\libm.a(fp_zero.o)
                0x0000fd80                __fp_zero
                0x0000fd82                __fp_szero
 .text.avr-libc
                0x0000fd8e        0x6 c:/winavr-20100110/bin/../lib/gcc/avr/4.3.3/../../../../avr/lib/avr6\libc.a(exit.o)
                0x0000fd8e                exit
 .text.avr-libc
                0x0000fd94      0x1b0 c:/winavr-20100110/bin/../lib/gcc/avr/4.3.3/../../../../avr/lib/avr6\libc.a(ftoa_engine.o)
                0x0000fd94                __ftoa_engine
 .text.avr-libc
                0x0000ff44       0x10 c:/winavr-20100110/bin/../lib/gcc/avr/4.3.3/../../../../avr/lib/avr6\libc.a(isspace.o)
                0x0000ff44                isspace
 .text.avr-libc
                0x0000ff54       0x10 c:/winavr-20100110/bin/../lib/gcc/avr/4.3.3/../../../../avr/lib/avr6\libc.a(tolower.o)
                0x0000ff54                tolower
 .text.avr-libc
                0x0000ff64       0x16 c:/winavr-20100110/bin/../lib/gcc/avr/4.3.3/../../../../avr/lib/avr6\libc.a(strchr_P.o)
                0x0000ff64                strchr_P
 .text.avr-libc
                0x0000ff7a       0x12 c:/winavr-20100110/bin/../lib/gcc/avr/4.3.3/../../../../avr/lib/avr6\libc.a(strcmp_P.o)
                0x0000ff7a                strcmp_P
 .text.avr-libc
                0x0000ff8c        0xe c:/winavr-20100110/bin/../lib/gcc/avr/4.3.3/../../../../avr/lib/avr6\libc.a(strcpy_P.o)
                0x0000ff8c                strcpy_P
 .text.avr-libc
                0x0000ff9a       0x12 c:/winavr-20100110/bin/../lib/gcc/avr/4.3.3/../../../../avr/lib/avr6\libc.a(strlen_P.o)
                0x0000ff9a                strlen_P
 .text.avr-libc
                0x0000ffac       0x1c c:/winavr-20100110/bin/../lib/gcc/avr/4.3.3/../../../../avr/lib/avr6\libc.a(strncmp_P.o)
                0x0000ffac                strncmp_P
 .text.avr-libc
                0x0000ffc8       0x16 c:/winavr-20100110/bin/../lib/gcc/avr/4.3.3/../../../../avr/lib/avr6\libc.a(strnlen_P.o)
                0x0000ffc8                strnlen_P
 .text.avr-libc
                0x0000ffde       0x34 c:/winavr-20100110/bin/../lib/gcc/avr/4.3.3/../../../../avr/lib/avr6\libc.a(strstr_P.o)
                0x0000ffde                strstr_P
 .text.avr-libc
                0x00010012       0x12 c:/winavr-20100110/bin/../lib/gcc/avr/4.3.3/../../../../avr/lib/avr6\libc.a(memcpy.o)
                0x00010012                memcpy
 .text.avr-libc
                0x00010024       0x16 c:/winavr-20100110/bin/../lib/gcc/avr/4.3.3/../../../../avr/lib/avr6\libc.a(strchr.o)
                0x00010024                strchr
 .text.avr-libc
                0x0001003a       0x12 c:/winavr-20100110/bin/../lib/gcc/avr/4.3.3/../../../../avr/lib/avr6\libc.a(strcmp.o)
                0x0001003a                strcmp
 .text.avr-libc
                0x0001004c       0x16 c:/winavr-20100110/bin/../lib/gcc/avr/4.3.3/../../../../avr/lib/avr6\libc.a(strnlen.o)
                0x0001004c                strnlen
 .text.avr-libc
                0x00010062       0x34 c:/winavr-20100110/bin/../lib/gcc/avr/4.3.3/../../../../avr/lib/avr6\libc.a(strstr.o)
                0x00010062                strstr
 .text.avr-libc
                0x00010096       0x84 c:/winavr-20100110/bin/../lib/gcc/avr/4.3.3/../../../../avr/lib/avr6\libc.a(fgetc.o)
                0x00010096                fgetc
 .text.avr-libc
                0x0001011a       0x58 c:/winavr-20100110/bin/../lib/gcc/avr/4.3.3/../../../../avr/lib/avr6\libc.a(fputc.o)
                0x0001011a                fputc
 .text.avr-libc
                0x00010172       0x62 c:/winavr-20100110/bin/../lib/gcc/avr/4.3.3/../../../../avr/lib/avr6\libc.a(sprintf.o)
                0x00010172                sprintf
 .text.avr-libc
                0x000101d4       0x62 c:/winavr-20100110/bin/../lib/gcc/avr/4.3.3/../../../../avr/lib/avr6\libc.a(sprintf_p.o)
                0x000101d4                sprintf_P
 .text.avr-libc
                0x00010236       0x46 c:/winavr-20100110/bin/../lib/gcc/avr/4.3.3/../../../../avr/lib/avr6\libc.a(sscanf.o)
                0x00010236                sscanf
 .text.avr-libc
                0x0001027c       0x46 c:/winavr-20100110/bin/../lib/gcc/avr/4.3.3/../../../../avr/lib/avr6\libc.a(sscanf_p.o)
                0x0001027c                sscanf_P
 .text.avr-libc
                0x000102c2       0x34 c:/winavr-20100110/bin/../lib/gcc/avr/4.3.3/../../../../avr/lib/avr6\libc.a(ungetc.o)
                0x000102c2                ungetc
 .text.avr-libc
                0x000102f6       0xbc c:/winavr-20100110/bin/../lib/gcc/avr/4.3.3/../../../../avr/lib/avr6\libc.a(ultoa_invert.o)
                0x000102f6                __ultoa_invert
 .text.avr-libc.fplib
                0x000103b2        0xa c:/winavr-20100110/bin/../lib/gcc/avr/4.3.3/../../../../avr/lib/avr6\libc.a(addsf3.o)
                0x000103b2                __subsf3
                0x000103b4                __addsf3
 .text.avr-libc.fplib
                0x000103bc       0xc0 c:/winavr-20100110/bin/../lib/gcc/avr/4.3.3/../../../../avr/lib/avr6\libc.a(addsf3x.o)
                0x000103d6                __addsf3x
 .text.avr-libc.fplib
                0x0001047c        0x4 c:/winavr-20100110/bin/../lib/gcc/avr/4.3.3/../../../../avr/lib/avr6\libc.a(divsf3.o)
                0x0001047c                __divsf3
 .text.avr-libc.fplib
                0x00010480       0xcc c:/winavr-20100110/bin/../lib/gcc/avr/4.3.3/../../../../avr/lib/avr6\libc.a(divsf3x.o)
                0x00010496                __divsf3x
                0x0001049a                __divsf3_pse
 .text.avr-libc.fplib
                0x0001054c        0xa c:/winavr-20100110/bin/../lib/gcc/avr/4.3.3/../../../../avr/lib/avr6\libc.a(fixsfsi.o)
                0x0001054c                __fixsfsi
 .text.avr-libc.fplib
                0x00010556       0x58 c:/winavr-20100110/bin/../lib/gcc/avr/4.3.3/../../../../avr/lib/avr6\libc.a(fixunssfsi.o)
                0x00010556                __fixunssfsi
 .text.avr-libc
                0x000105ae       0x20 c:/winavr-20100110/bin/../lib/gcc/avr/4.3.3/../../../../avr/lib/avr6\libc.a(eerd_block_atmega2560.o)
                0x000105b2                __eerd_blraw_m2560
                0x000105ae                __eerd_block_m2560
 .text.avr-libc
                0x000105ce       0x10 c:/winavr-20100110/bin/../lib/gcc/avr/4.3.3/../../../../avr/lib/avr6\libc.a(eerd_byte_atmega2560.o)
                0x000105ce                __eerd_byte_m2560
 .text.avr-libc
                0x000105de        0xc c:/winavr-20100110/bin/../lib/gcc/avr/4.3.3/../../../../avr/lib/avr6\libc.a(eerd_dword_atmega2560.o)
                0x000105de                __eerd_dword_m2560
                0x000105de                __eerd_float_m2560
 .text.avr-libc
                0x000105ea        0xc c:/winavr-20100110/bin/../lib/gcc/avr/4.3.3/../../../../avr/lib/avr6\libc.a(eerd_word_atmega2560.o)
                0x000105ea                __eerd_word_m2560
 .text.avr-libc
                0x000105f6       0x14 c:/winavr-20100110/bin/../lib/gcc/avr/4.3.3/../../../../avr/lib/avr6\libc.a(eewr_block_atmega2560.o)
                0x000105f6                __eewr_block_m2560
 .text.avr-libc
                0x0001060a       0x1c c:/winavr-20100110/bin/../lib/gcc/avr/4.3.3/../../../../avr/lib/avr6\libc.a(eewr_byte_atmega2560.o)
                0x0001060c                __eewr_r18_m2560
                0x0001060a                __eewr_byte_m2560
 .text.avr-libc
                0x00010626       0x10 c:/winavr-20100110/bin/../lib/gcc/avr/4.3.3/../../../../avr/lib/avr6\libc.a(eewr_dword_atmega2560.o)
                0x00010626                __eewr_dword_m2560
                0x00010626                __eewr_float_m2560
 .text.avr-libc
                0x00010636        0xa c:/winavr-20100110/bin/../lib/gcc/avr/4.3.3/../../../../avr/lib/avr6\libc.a(eewr_word_atmega2560.o)
                0x00010636                __eewr_word_m2560
 .text.avr-libc
                0x00010640        0x6 c:/winavr-20100110/bin/../lib/gcc/avr/4.3.3/../../../../avr/lib/avr6\libc.a(cty_isfalse.o)
                0x00010644                __ctype_istrue
                0x00010640                __ctype_isfalse
 .text.libgcc   0x00010646       0x3e c:/winavr-20100110/bin/../lib/gcc/avr/4.3.3/avr6\libgcc.a(_mulsi3.o)
                0x00010646                __mulsi3
 .text.libgcc   0x00010684       0x18 c:/winavr-20100110/bin/../lib/gcc/avr/4.3.3/avr6\libgcc.a(_udivmodqi4.o)
                0x00010684                __udivmodqi4
 .text.libgcc   0x0001069c       0x28 c:/winavr-20100110/bin/../lib/gcc/avr/4.3.3/avr6\libgcc.a(_udivmodhi4.o)
                0x0001069c                __udivmodhi4
 .text.libgcc   0x000106c4       0x26 c:/winavr-20100110/bin/../lib/gcc/avr/4.3.3/avr6\libgcc.a(_divmodhi4.o)
                0x000106c4                __divmodhi4
                0x000106c4                _div
 .text.libgcc   0x000106ea       0x44 c:/winavr-20100110/bin/../lib/gcc/avr/4.3.3/avr6\libgcc.a(_udivmodsi4.o)
                0x000106ea                __udivmodsi4
 .text.libgcc   0x0001072e       0x36 c:/winavr-20100110/bin/../lib/gcc/avr/4.3.3/avr6\libgcc.a(_divmodsi4.o)
                0x0001072e                __divmodsi4
 .text.libgcc   0x00010764        0x0 c:/winavr-20100110/bin/../lib/gcc/avr/4.3.3/avr6\libgcc.a(_exit.o)
 .text.libgcc   0x00010764        0x0 c:/winavr-20100110/bin/../lib/gcc/avr/4.3.3/avr6\libgcc.a(_clear_bss.o)
                0x00010764                . = ALIGN (0x2)
 *(.fini9)
 .fini9         0x00010764        0x0 c:/winavr-20100110/bin/../lib/gcc/avr/4.3.3/avr6\libgcc.a(_exit.o)
                0x00010764                _exit
 *(.fini9)
 *(.fini8)
 *(.fini8)
 *(.fini7)
 *(.fini7)
 *(.fini6)
 *(.fini6)
 *(.fini5)
 *(.fini5)
 *(.fini4)
 *(.fini4)
 *(.fini3)
 *(.fini3)
 *(.fini2)
 *(.fini2)
 *(.fini1)
 *(.fini1)
 *(.fini0)
 .fini0         0x00010764        0x4 c:/winavr-20100110/bin/../lib/gcc/avr/4.3.3/avr6\libgcc.a(_exit.o)
 *(.fini0)
                0x00010768                _etext = .

.data           0x00800200       0xda load address 0x00010768
                0x00800200                PROVIDE (__data_start, .)
 *(.data)
 .data          0x00800200        0x0 c:/winavr-20100110/bin/../lib/gcc/avr/4.3.3/../../../../avr/lib/avr6/crtm2560.o
 .data          0x00800200        0x0 c:/winavr-20100110/bin/../lib/gcc/avr/4.3.3/../../../../avr/lib/avr6\libprintf_flt.a(vfprintf_flt.o)
 .data          0x00800200        0x0 c:/winavr-20100110/bin/../lib/gcc/avr/4.3.3/../../../../avr/lib/avr6\libscanf_flt.a(vfscanf_flt.o)
 .data          0x00800200        0x0 c:/winavr-20100110/bin/../lib/gcc/avr/4.3.3/../../../../avr/lib/avr6\libm.a(floatsisf.o)
 .data          0x00800200        0x0 c:/winavr-20100110/bin/../lib/gcc/avr/4.3.3/../../../../avr/lib/avr6\libm.a(mulsf3.o)
 .data          0x00800200        0x0 c:/winavr-20100110/bin/../lib/gcc/avr/4.3.3/../../../../avr/lib/avr6\libm.a(mulsf3x.o)
 .data          0x00800200        0x0 c:/winavr-20100110/bin/../lib/gcc/avr/4.3.3/../../../../avr/lib/avr6\libm.a(fp_inf.o)
 .data          0x00800200        0x0 c:/winavr-20100110/bin/../lib/gcc/avr/4.3.3/../../../../avr/lib/avr6\libm.a(fp_nan.o)
 .data          0x00800200        0x0 c:/winavr-20100110/bin/../lib/gcc/avr/4.3.3/../../../../avr/lib/avr6\libm.a(fp_pscA.o)
 .data          0x00800200        0x0 c:/winavr-20100110/bin/../lib/gcc/avr/4.3.3/../../../../avr/lib/avr6\libm.a(fp_pscB.o)
 .data          0x00800200        0x0 c:/winavr-20100110/bin/../lib/gcc/avr/4.3.3/../../../../avr/lib/avr6\libm.a(fp_round.o)
 .data          0x00800200        0x0 c:/winavr-20100110/bin/../lib/gcc/avr/4.3.3/../../../../avr/lib/avr6\libm.a(fp_split3.o)
 .data          0x00800200        0x0 c:/winavr-20100110/bin/../lib/gcc/avr/4.3.3/../../../../avr/lib/avr6\libm.a(fp_zero.o)
 .data          0x00800200       0xd9 vmd2_3.o
                0x008002d1                VacantTimer32Sys
                0x008002cd                VacantTimer16
                0x008002d4                CurrPage
                0x008002cf                VacantTimer8Sys
                0x008002d2                GSM_Flag
                0x008002d6                CurrField
                0x008002cc                VacantTimer8
                0x008002d3                GSM_ActiveConnection
                0x008002ce                VacantTimer32
                0x008002d7                CurrPos
                0x008002d0                VacantTimer16Sys
 .data          0x008002d9        0x0 c:/winavr-20100110/bin/../lib/gcc/avr/4.3.3/../../../../avr/lib/avr6\libc.a(exit.o)
 .data          0x008002d9        0x0 c:/winavr-20100110/bin/../lib/gcc/avr/4.3.3/../../../../avr/lib/avr6\libc.a(ftoa_engine.o)
 .data          0x008002d9        0x0 c:/winavr-20100110/bin/../lib/gcc/avr/4.3.3/../../../../avr/lib/avr6\libc.a(isspace.o)
 .data          0x008002d9        0x0 c:/winavr-20100110/bin/../lib/gcc/avr/4.3.3/../../../../avr/lib/avr6\libc.a(tolower.o)
 .data          0x008002d9        0x0 c:/winavr-20100110/bin/../lib/gcc/avr/4.3.3/../../../../avr/lib/avr6\libc.a(strchr_P.o)
 .data          0x008002d9        0x0 c:/winavr-20100110/bin/../lib/gcc/avr/4.3.3/../../../../avr/lib/avr6\libc.a(strcmp_P.o)
 .data          0x008002d9        0x0 c:/winavr-20100110/bin/../lib/gcc/avr/4.3.3/../../../../avr/lib/avr6\libc.a(strcpy_P.o)
 .data          0x008002d9        0x0 c:/winavr-20100110/bin/../lib/gcc/avr/4.3.3/../../../../avr/lib/avr6\libc.a(strlen_P.o)
 .data          0x008002d9        0x0 c:/winavr-20100110/bin/../lib/gcc/avr/4.3.3/../../../../avr/lib/avr6\libc.a(strncmp_P.o)
 .data          0x008002d9        0x0 c:/winavr-20100110/bin/../lib/gcc/avr/4.3.3/../../../../avr/lib/avr6\libc.a(strnlen_P.o)
 .data          0x008002d9        0x0 c:/winavr-20100110/bin/../lib/gcc/avr/4.3.3/../../../../avr/lib/avr6\libc.a(strstr_P.o)
 .data          0x008002d9        0x0 c:/winavr-20100110/bin/../lib/gcc/avr/4.3.3/../../../../avr/lib/avr6\libc.a(memcpy.o)
 .data          0x008002d9        0x0 c:/winavr-20100110/bin/../lib/gcc/avr/4.3.3/../../../../avr/lib/avr6\libc.a(strchr.o)
 .data          0x008002d9        0x0 c:/winavr-20100110/bin/../lib/gcc/avr/4.3.3/../../../../avr/lib/avr6\libc.a(strcmp.o)
 .data          0x008002d9        0x0 c:/winavr-20100110/bin/../lib/gcc/avr/4.3.3/../../../../avr/lib/avr6\libc.a(strnlen.o)
 .data          0x008002d9        0x0 c:/winavr-20100110/bin/../lib/gcc/avr/4.3.3/../../../../avr/lib/avr6\libc.a(strstr.o)
 .data          0x008002d9        0x0 c:/winavr-20100110/bin/../lib/gcc/avr/4.3.3/../../../../avr/lib/avr6\libc.a(fgetc.o)
 .data          0x008002d9        0x0 c:/winavr-20100110/bin/../lib/gcc/avr/4.3.3/../../../../avr/lib/avr6\libc.a(fputc.o)
 .data          0x008002d9        0x0 c:/winavr-20100110/bin/../lib/gcc/avr/4.3.3/../../../../avr/lib/avr6\libc.a(sprintf.o)
 .data          0x008002d9        0x0 c:/winavr-20100110/bin/../lib/gcc/avr/4.3.3/../../../../avr/lib/avr6\libc.a(sprintf_p.o)
 .data          0x008002d9        0x0 c:/winavr-20100110/bin/../lib/gcc/avr/4.3.3/../../../../avr/lib/avr6\libc.a(sscanf.o)
 .data          0x008002d9        0x0 c:/winavr-20100110/bin/../lib/gcc/avr/4.3.3/../../../../avr/lib/avr6\libc.a(sscanf_p.o)
 .data          0x008002d9        0x0 c:/winavr-20100110/bin/../lib/gcc/avr/4.3.3/../../../../avr/lib/avr6\libc.a(ungetc.o)
 .data          0x008002d9        0x0 c:/winavr-20100110/bin/../lib/gcc/avr/4.3.3/../../../../avr/lib/avr6\libc.a(ultoa_invert.o)
 .data          0x008002d9        0x0 c:/winavr-20100110/bin/../lib/gcc/avr/4.3.3/../../../../avr/lib/avr6\libc.a(addsf3.o)
 .data          0x008002d9        0x0 c:/winavr-20100110/bin/../lib/gcc/avr/4.3.3/../../../../avr/lib/avr6\libc.a(addsf3x.o)
 .data          0x008002d9        0x0 c:/winavr-20100110/bin/../lib/gcc/avr/4.3.3/../../../../avr/lib/avr6\libc.a(divsf3.o)
 .data          0x008002d9        0x0 c:/winavr-20100110/bin/../lib/gcc/avr/4.3.3/../../../../avr/lib/avr6\libc.a(divsf3x.o)
 .data          0x008002d9        0x0 c:/winavr-20100110/bin/../lib/gcc/avr/4.3.3/../../../../avr/lib/avr6\libc.a(fixsfsi.o)
 .data          0x008002d9        0x0 c:/winavr-20100110/bin/../lib/gcc/avr/4.3.3/../../../../avr/lib/avr6\libc.a(fixunssfsi.o)
 .data          0x008002d9        0x0 c:/winavr-20100110/bin/../lib/gcc/avr/4.3.3/../../../../avr/lib/avr6\libc.a(eerd_block_atmega2560.o)
 .data          0x008002d9        0x0 c:/winavr-20100110/bin/../lib/gcc/avr/4.3.3/../../../../avr/lib/avr6\libc.a(eerd_byte_atmega2560.o)
 .data          0x008002d9        0x0 c:/winavr-20100110/bin/../lib/gcc/avr/4.3.3/../../../../avr/lib/avr6\libc.a(eerd_dword_atmega2560.o)
 .data          0x008002d9        0x0 c:/winavr-20100110/bin/../lib/gcc/avr/4.3.3/../../../../avr/lib/avr6\libc.a(eerd_word_atmega2560.o)
 .data          0x008002d9        0x0 c:/winavr-20100110/bin/../lib/gcc/avr/4.3.3/../../../../avr/lib/avr6\libc.a(eewr_block_atmega2560.o)
 .data          0x008002d9        0x0 c:/winavr-20100110/bin/../lib/gcc/avr/4.3.3/../../../../avr/lib/avr6\libc.a(eewr_byte_atmega2560.o)
 .data          0x008002d9        0x0 c:/winavr-20100110/bin/../lib/gcc/avr/4.3.3/../../../../avr/lib/avr6\libc.a(eewr_dword_atmega2560.o)
 .data          0x008002d9        0x0 c:/winavr-20100110/bin/../lib/gcc/avr/4.3.3/../../../../avr/lib/avr6\libc.a(eewr_word_atmega2560.o)
 .data          0x008002d9        0x0 c:/winavr-20100110/bin/../lib/gcc/avr/4.3.3/../../../../avr/lib/avr6\libc.a(cty_isfalse.o)
 .data          0x008002d9        0x0 c:/winavr-20100110/bin/../lib/gcc/avr/4.3.3/avr6\libgcc.a(_mulsi3.o)
 .data          0x008002d9        0x0 c:/winavr-20100110/bin/../lib/gcc/avr/4.3.3/avr6\libgcc.a(_udivmodqi4.o)
 .data          0x008002d9        0x0 c:/winavr-20100110/bin/../lib/gcc/avr/4.3.3/avr6\libgcc.a(_udivmodhi4.o)
 .data          0x008002d9        0x0 c:/winavr-20100110/bin/../lib/gcc/avr/4.3.3/avr6\libgcc.a(_divmodhi4.o)
 .data          0x008002d9        0x0 c:/winavr-20100110/bin/../lib/gcc/avr/4.3.3/avr6\libgcc.a(_udivmodsi4.o)
 .data          0x008002d9        0x0 c:/winavr-20100110/bin/../lib/gcc/avr/4.3.3/avr6\libgcc.a(_divmodsi4.o)
 .data          0x008002d9        0x0 c:/winavr-20100110/bin/../lib/gcc/avr/4.3.3/avr6\libgcc.a(_exit.o)
 .data          0x008002d9        0x0 c:/winavr-20100110/bin/../lib/gcc/avr/4.3.3/avr6\libgcc.a(_clear_bss.o)
 *(.data*)
 *(.rodata)
 *(.rodata*)
 *(.gnu.linkonce.d*)
                0x008002da                . = ALIGN (0x2)
 *fill*         0x008002d9        0x1 00
                0x008002da                _edata = .
                0x008002da                PROVIDE (__data_end, .)

.bss            0x008002da      0x952
                0x008002da                PROVIDE (__bss_start, .)
 *(.bss)
 .bss           0x008002da        0x0 c:/winavr-20100110/bin/../lib/gcc/avr/4.3.3/../../../../avr/lib/avr6/crtm2560.o
 .bss           0x008002da        0x0 c:/winavr-20100110/bin/../lib/gcc/avr/4.3.3/../../../../avr/lib/avr6\libprintf_flt.a(vfprintf_flt.o)
 .bss           0x008002da        0x0 c:/winavr-20100110/bin/../lib/gcc/avr/4.3.3/../../../../avr/lib/avr6\libscanf_flt.a(vfscanf_flt.o)
 .bss           0x008002da        0x0 c:/winavr-20100110/bin/../lib/gcc/avr/4.3.3/../../../../avr/lib/avr6\libm.a(floatsisf.o)
 .bss           0x008002da        0x0 c:/winavr-20100110/bin/../lib/gcc/avr/4.3.3/../../../../avr/lib/avr6\libm.a(mulsf3.o)
 .bss           0x008002da        0x0 c:/winavr-20100110/bin/../lib/gcc/avr/4.3.3/../../../../avr/lib/avr6\libm.a(mulsf3x.o)
 .bss           0x008002da        0x0 c:/winavr-20100110/bin/../lib/gcc/avr/4.3.3/../../../../avr/lib/avr6\libm.a(fp_inf.o)
 .bss           0x008002da        0x0 c:/winavr-20100110/bin/../lib/gcc/avr/4.3.3/../../../../avr/lib/avr6\libm.a(fp_nan.o)
 .bss           0x008002da        0x0 c:/winavr-20100110/bin/../lib/gcc/avr/4.3.3/../../../../avr/lib/avr6\libm.a(fp_pscA.o)
 .bss           0x008002da        0x0 c:/winavr-20100110/bin/../lib/gcc/avr/4.3.3/../../../../avr/lib/avr6\libm.a(fp_pscB.o)
 .bss           0x008002da        0x0 c:/winavr-20100110/bin/../lib/gcc/avr/4.3.3/../../../../avr/lib/avr6\libm.a(fp_round.o)
 .bss           0x008002da        0x0 c:/winavr-20100110/bin/../lib/gcc/avr/4.3.3/../../../../avr/lib/avr6\libm.a(fp_split3.o)
 .bss           0x008002da        0x0 c:/winavr-20100110/bin/../lib/gcc/avr/4.3.3/../../../../avr/lib/avr6\libm.a(fp_zero.o)
 .bss           0x008002da      0x2e5 vmd2_3.o
                0x008002dc                numOfCheckBallanceRetry
                0x008002dd                GSMBusyState
                0x008002da                VacantTimer8_ISR
                0x008002de                CallerStatus
                0x008002e2                RequestRepeatCounter
                0x008002db                VacantTimer8Sys_ISR
                0x008002e0                counter
                0x008002e1                ConfirmState
                0x008002df                dataSendFlg
 .bss           0x008005bf        0x0 c:/winavr-20100110/bin/../lib/gcc/avr/4.3.3/../../../../avr/lib/avr6\libc.a(exit.o)
 .bss           0x008005bf        0x0 c:/winavr-20100110/bin/../lib/gcc/avr/4.3.3/../../../../avr/lib/avr6\libc.a(ftoa_engine.o)
 .bss           0x008005bf        0x0 c:/winavr-20100110/bin/../lib/gcc/avr/4.3.3/../../../../avr/lib/avr6\libc.a(isspace.o)
 .bss           0x008005bf        0x0 c:/winavr-20100110/bin/../lib/gcc/avr/4.3.3/../../../../avr/lib/avr6\libc.a(tolower.o)
 .bss           0x008005bf        0x0 c:/winavr-20100110/bin/../lib/gcc/avr/4.3.3/../../../../avr/lib/avr6\libc.a(strchr_P.o)
 .bss           0x008005bf        0x0 c:/winavr-20100110/bin/../lib/gcc/avr/4.3.3/../../../../avr/lib/avr6\libc.a(strcmp_P.o)
 .bss           0x008005bf        0x0 c:/winavr-20100110/bin/../lib/gcc/avr/4.3.3/../../../../avr/lib/avr6\libc.a(strcpy_P.o)
 .bss           0x008005bf        0x0 c:/winavr-20100110/bin/../lib/gcc/avr/4.3.3/../../../../avr/lib/avr6\libc.a(strlen_P.o)
 .bss           0x008005bf        0x0 c:/winavr-20100110/bin/../lib/gcc/avr/4.3.3/../../../../avr/lib/avr6\libc.a(strncmp_P.o)
 .bss           0x008005bf        0x0 c:/winavr-20100110/bin/../lib/gcc/avr/4.3.3/../../../../avr/lib/avr6\libc.a(strnlen_P.o)
 .bss           0x008005bf        0x0 c:/winavr-20100110/bin/../lib/gcc/avr/4.3.3/../../../../avr/lib/avr6\libc.a(strstr_P.o)
 .bss           0x008005bf        0x0 c:/winavr-20100110/bin/../lib/gcc/avr/4.3.3/../../../../avr/lib/avr6\libc.a(memcpy.o)
 .bss           0x008005bf        0x0 c:/winavr-20100110/bin/../lib/gcc/avr/4.3.3/../../../../avr/lib/avr6\libc.a(strchr.o)
 .bss           0x008005bf        0x0 c:/winavr-20100110/bin/../lib/gcc/avr/4.3.3/../../../../avr/lib/avr6\libc.a(strcmp.o)
 .bss           0x008005bf        0x0 c:/winavr-20100110/bin/../lib/gcc/avr/4.3.3/../../../../avr/lib/avr6\libc.a(strnlen.o)
 .bss           0x008005bf        0x0 c:/winavr-20100110/bin/../lib/gcc/avr/4.3.3/../../../../avr/lib/avr6\libc.a(strstr.o)
 .bss           0x008005bf        0x0 c:/winavr-20100110/bin/../lib/gcc/avr/4.3.3/../../../../avr/lib/avr6\libc.a(fgetc.o)
 .bss           0x008005bf        0x0 c:/winavr-20100110/bin/../lib/gcc/avr/4.3.3/../../../../avr/lib/avr6\libc.a(fputc.o)
 .bss           0x008005bf        0x0 c:/winavr-20100110/bin/../lib/gcc/avr/4.3.3/../../../../avr/lib/avr6\libc.a(sprintf.o)
 .bss           0x008005bf        0x0 c:/winavr-20100110/bin/../lib/gcc/avr/4.3.3/../../../../avr/lib/avr6\libc.a(sprintf_p.o)
 .bss           0x008005bf        0x0 c:/winavr-20100110/bin/../lib/gcc/avr/4.3.3/../../../../avr/lib/avr6\libc.a(sscanf.o)
 .bss           0x008005bf        0x0 c:/winavr-20100110/bin/../lib/gcc/avr/4.3.3/../../../../avr/lib/avr6\libc.a(sscanf_p.o)
 .bss           0x008005bf        0x0 c:/winavr-20100110/bin/../lib/gcc/avr/4.3.3/../../../../avr/lib/avr6\libc.a(ungetc.o)
 .bss           0x008005bf        0x0 c:/winavr-20100110/bin/../lib/gcc/avr/4.3.3/../../../../avr/lib/avr6\libc.a(ultoa_invert.o)
 .bss           0x008005bf        0x0 c:/winavr-20100110/bin/../lib/gcc/avr/4.3.3/../../../../avr/lib/avr6\libc.a(addsf3.o)
 .bss           0x008005bf        0x0 c:/winavr-20100110/bin/../lib/gcc/avr/4.3.3/../../../../avr/lib/avr6\libc.a(addsf3x.o)
 .bss           0x008005bf        0x0 c:/winavr-20100110/bin/../lib/gcc/avr/4.3.3/../../../../avr/lib/avr6\libc.a(divsf3.o)
 .bss           0x008005bf        0x0 c:/winavr-20100110/bin/../lib/gcc/avr/4.3.3/../../../../avr/lib/avr6\libc.a(divsf3x.o)
 .bss           0x008005bf        0x0 c:/winavr-20100110/bin/../lib/gcc/avr/4.3.3/../../../../avr/lib/avr6\libc.a(fixsfsi.o)
 .bss           0x008005bf        0x0 c:/winavr-20100110/bin/../lib/gcc/avr/4.3.3/../../../../avr/lib/avr6\libc.a(fixunssfsi.o)
 .bss           0x008005bf        0x0 c:/winavr-20100110/bin/../lib/gcc/avr/4.3.3/../../../../avr/lib/avr6\libc.a(eerd_block_atmega2560.o)
 .bss           0x008005bf        0x0 c:/winavr-20100110/bin/../lib/gcc/avr/4.3.3/../../../../avr/lib/avr6\libc.a(eerd_byte_atmega2560.o)
 .bss           0x008005bf        0x0 c:/winavr-20100110/bin/../lib/gcc/avr/4.3.3/../../../../avr/lib/avr6\libc.a(eerd_dword_atmega2560.o)
 .bss           0x008005bf        0x0 c:/winavr-20100110/bin/../lib/gcc/avr/4.3.3/../../../../avr/lib/avr6\libc.a(eerd_word_atmega2560.o)
 .bss           0x008005bf        0x0 c:/winavr-20100110/bin/../lib/gcc/avr/4.3.3/../../../../avr/lib/avr6\libc.a(eewr_block_atmega2560.o)
 .bss           0x008005bf        0x0 c:/winavr-20100110/bin/../lib/gcc/avr/4.3.3/../../../../avr/lib/avr6\libc.a(eewr_byte_atmega2560.o)
 .bss           0x008005bf        0x0 c:/winavr-20100110/bin/../lib/gcc/avr/4.3.3/../../../../avr/lib/avr6\libc.a(eewr_dword_atmega2560.o)
 .bss           0x008005bf        0x0 c:/winavr-20100110/bin/../lib/gcc/avr/4.3.3/../../../../avr/lib/avr6\libc.a(eewr_word_atmega2560.o)
 .bss           0x008005bf        0x0 c:/winavr-20100110/bin/../lib/gcc/avr/4.3.3/../../../../avr/lib/avr6\libc.a(cty_isfalse.o)
 .bss           0x008005bf        0x0 c:/winavr-20100110/bin/../lib/gcc/avr/4.3.3/avr6\libgcc.a(_mulsi3.o)
 .bss           0x008005bf        0x0 c:/winavr-20100110/bin/../lib/gcc/avr/4.3.3/avr6\libgcc.a(_udivmodqi4.o)
 .bss           0x008005bf        0x0 c:/winavr-20100110/bin/../lib/gcc/avr/4.3.3/avr6\libgcc.a(_udivmodhi4.o)
 .bss           0x008005bf        0x0 c:/winavr-20100110/bin/../lib/gcc/avr/4.3.3/avr6\libgcc.a(_divmodhi4.o)
 .bss           0x008005bf        0x0 c:/winavr-20100110/bin/../lib/gcc/avr/4.3.3/avr6\libgcc.a(_udivmodsi4.o)
 .bss           0x008005bf        0x0 c:/winavr-20100110/bin/../lib/gcc/avr/4.3.3/avr6\libgcc.a(_divmodsi4.o)
 .bss           0x008005bf        0x0 c:/winavr-20100110/bin/../lib/gcc/avr/4.3.3/avr6\libgcc.a(_exit.o)
 .bss           0x008005bf        0x0 c:/winavr-20100110/bin/../lib/gcc/avr/4.3.3/avr6\libgcc.a(_clear_bss.o)
 *(.bss*)
 *(COMMON)
 COMMON         0x008005bf      0x66d vmd2_3.o
                0x008005bf                Tm_Hour
                0x008005c0                MB_State
                0x008005c1                BufStr
                0x008005d6                TrueTime_Hour
                0x008005d7                NextPage
                0x008005d9                GSM_Temp
                0x008005da                TempNum
                0x008005db                NotSummerTimeFlag
                0x008005dc                Tm_Year
                0x008005dd                MB_M_TimeOff
                0x008005de                MB_NativeAddr
                0x008005df                GSM_RX_FIFO
                0x00800643                Temperature
                0x0080064f                Tm_Min
                0x00800650                BackLightMode
                0x00800651                GSM_RX_FIFO_End
                0x00800652                CurrSlave
                0x00800653                CurrQuery
                0x00800654                TrueTime_MDay
                0x00800655                Tm_WDay
                0x00800656                LCD_Buf
                0x008006aa                StrSize
                0x008006ab                MB_M_Period
                0x008006ad                MB_SingleState
                0x008006ae                Timer1min
                0x008006af                MaxScanCycle
                0x008006b0                GSM_RSSI
                0x008006b1                ADC_Time
                0x008006b2                GSM_Tx
                0x008006b3                GSM_State
                0x008006b4                Tm_Sec
                0x008006b5                ADC_Break
                0x008006b7                CurrX
                0x008006b8                Ballance
                0x008006bc                MB_Master_MaxCycle
                0x008006be                GPRS_Data_In
                0x008006f0                IP_SendMask
                0x008006f1                GSM_Modem
                0x008006f2                Message
                0x008006f5                TD_ADC
                0x008006f6                KeyPressedCounter
                0x008006fa                GSM_RX_FIFO_Begin
                0x008006fb                MB_M_Try
                0x008006fc                DigInput
                0x00800705                MB_Frame_Sz
                0x00800706                SMS_Data_Out
                0x0080076a                ScanCycle
                0x0080076b                CommandModeDestination
                0x0080076c                KeyPressed
                0x0080076d                GPRS_FlgSz_Out
                0x0080076e                ScanCount
                0x00800770                ADC_ReadFail
                0x00800772                MB_Master_Cycle
                0x00800774                MenuDepth
                0x00800775                GSMTxSz
                0x00800776                MB_Coil
                0x0080077a                CurrFieldSize
                0x0080077b                TrueTime_Year
                0x0080077c                GPRS_FlgSz_In
                0x0080077d                TWI_Phase
                0x0080077e                LiveTime
                0x00800782                SMS_FlgSz_Out
                0x00800783                CurrLine
                0x00800784                GSM_BER
                0x00800785                Tm_Mon
                0x00800786                MB_BitRate_RAM
                0x00800787                ScanPerSec
                0x00800789                GPRS_Protocol_Out
                0x0080078a                GSM_Control
                0x0080078b                DAC_Output
                0x00800793                DigOutput
                0x00800799                GSM_RxStr
                0x008007fd                MB_InReg
                0x0080089d                TWI_Error_Counter
                0x0080089f                AppProtocol
                0x008008a0                CurrLCD
                0x008008a1                MenuStack
                0x008008c9                KeyPressedNonFilter
                0x008008ca                ADC_Chan
                0x008008cb                GSM_RX_FIFOOverFlow
                0x008008cc                TrueTime_Sec
                0x008008cd                TrueTime_Mon
                0x008008ce                TrueTime_Min
                0x008008cf                MemFail
                0x008008d0                Blink
                0x008008d1                GSM_RX_FIFOMax
                0x008008d2                Timer1s
                0x008008d3                ADC_Input
                0x008008e1                MB_M_Timeout
                0x008008e2                MB_TimerFlag
                0x008008e3                ADC_Fail
                0x008008e5                SlaveOff
                0x008008e9                GSM_MyIP
                0x008008ed                GSM_ReStartN
                0x008008ee                MB_CPT
                0x008008fe                GPRS_Data_Out
                0x008009fd                Y1
                0x008009fe                MB_Input
                0x00800a02                GSM_TxStr
                0x00800b01                RxBufOverFlow
                0x00800b02                GSM_ClientIP
                0x00800b06                AnalogInput
                0x00800b16                TrueTime_WDay
                0x00800b17                Tm_MDay
                0x00800b18                GSM_RxCharN
                0x00800b19                MB_HoldReg
                0x00800b21                GSM_TxCharN
                0x00800b22                ADC_Phase
                0x00800b23                MB_Frame
                0x00800c23                Timer1hour
                0x00800c25                ADC_Scale1
                0x00800c2b                GSM_MultiCon
                0x00800c2c                PROVIDE (__bss_end, .)
                0x00010768                __data_load_start = LOADADDR (.data)
                0x00010842                __data_load_end = (__data_load_start + SIZEOF (.data))

.noinit         0x00800c2c        0x0
                0x00800c2c                PROVIDE (__noinit_start, .)
 *(.noinit*)
                0x00800c2c                PROVIDE (__noinit_end, .)
                0x00800c2c                _end = .
                0x00800c2c                PROVIDE (__heap_start, .)

.eeprom         0x00810000      0x140
 *(.eeprom*)
 .eeprom        0x00810000      0x140 vmd2_3.o
                0x00810117                ThermType
                0x00810045                GPRS_currency
                0x00810081                UDP_ServerIP
                0x0081011d                ThermCorr
                0x008100c5                SMS_Number
                0x00810009                GPRS_apn1
                0x00810091                TCP_ServerIP
                0x00810004                MB_Param
                0x008100b1                TCP_ListenPort
                0x008100ec                CALL_Number
                0x00810113                SMS_On
                0x0081006d                GPRS_apn_psw
                0x00810007                Vega_SN
                0x00810059                GPRS_apn_user_name
                0x008100b3                TCP_ClientIP
                0x00810031                GPRS_checkballancerequest
                0x008100a1                UDP_ServerPort
                0x008100a9                TCP_ServerPort
                0x00810114                DI_Invers
                0x0081012f                IonThresh
                0x008100c3                TCP_CONNECT_timeout
                0x00810003                SummerTime
                0x0081001d                GPRS_apn2
                0x00810000                DateBackUp
                0x00810140                __eeprom_end = .

.fuse
 *(.fuse)
 *(.lfuse)
 *(.hfuse)
 *(.efuse)

.lock
 *(.lock*)

.signature
 *(.signature*)

.stab
 *(.stab)

.stabstr
 *(.stabstr)

.stab.excl
 *(.stab.excl)

.stab.exclstr
 *(.stab.exclstr)

.stab.index
 *(.stab.index)

.stab.indexstr
 *(.stab.indexstr)

.comment
 *(.comment)

.debug
 *(.debug)

.line
 *(.line)

.debug_srcinfo
 *(.debug_srcinfo)

.debug_sfnames
 *(.debug_sfnames)

.debug_aranges  0x00000000       0x20
 *(.debug_aranges)
 .debug_aranges
                0x00000000       0x20 vmd2_3.o

.debug_pubnames
                0x00000000     0x2ec6
 *(.debug_pubnames)
 .debug_pubnames
                0x00000000     0x2ec6 vmd2_3.o

.debug_info     0x00000000     0xf8b9
 *(.debug_info)
 .debug_info    0x00000000     0xf8b9 vmd2_3.o
 *(.gnu.linkonce.wi.*)

.debug_abbrev   0x00000000      0x72a
 *(.debug_abbrev)
 .debug_abbrev  0x00000000      0x72a vmd2_3.o

.debug_line     0x00000000     0x8c4f
 *(.debug_line)
 .debug_line    0x00000000     0x8c4f vmd2_3.o

.debug_frame    0x00000000     0x12b0
 *(.debug_frame)
 .debug_frame   0x00000000     0x12b0 vmd2_3.o

.debug_str      0x00000000     0x3749
 *(.debug_str)
 .debug_str     0x00000000     0x3749 vmd2_3.o
                               0x3a6e (size before relaxing)

.debug_loc      0x00000000     0x84aa
 *(.debug_loc)
 .debug_loc     0x00000000     0x84aa vmd2_3.o

.debug_macinfo
 *(.debug_macinfo)
OUTPUT(vmd2_3.elf elf32-avr)
LOAD linker stubs

.debug_ranges   0x00000000     0x1128
 .debug_ranges  0x00000000     0x1128 vmd2_3.o
